Component: ARM Compiler 5.06 (build 20) Tool: armlink [4d35a3]

==============================================================================

Section Cross References

    stm32f10x_it.o(.text) refers to os_core.o(.text) for OSIntEnter
    parking.o(.text) refers to bsp.o(.text) for BSP_Init
    parking.o(.text) refers to os_core.o(.text) for OSInit
    parking.o(.text) refers to os_task.o(.text) for OSTaskCreate
    parking.o(.text) refers to parking.o(.bss) for TASK_ESP8266_STK
    parking.o(.text) refers to app.o(.text) for Task_esp8266
    app.o(.text) refers to i2coled.o(.text) for OLED_Fill
    app.o(.text) refers to esp8266.o(.text) for ESP8266_Get_IdLinkStatus
    app.o(.text) refers to strlen.o(.text) for strlen
    app.o(.text) refers to os_time.o(.text) for OSTimeDlyHMSM
    app.o(.text) refers to printf3.o(i.__0sprintf$3) for __2sprintf
    app.o(.text) refers to stm32f10x_usart.o(.text) for USART_ITConfig
    app.o(.text) refers to strstr.o(.text) for strstr
    app.o(.text) refers to pwm_out.o(.text) for Gate1Open
    app.o(.text) refers to app.o(.data) for link_status
    app.o(.text) refers to app.o(.bss) for oledinfo
    app.o(.text) refers to esp8266.o(.bss) for strEsp8266_Fram_Record
    startup_stm32f10x_hd.o(RESET) refers to startup_stm32f10x_hd.o(STACK) for __initial_sp
    startup_stm32f10x_hd.o(RESET) refers to startup_stm32f10x_hd.o(.text) for Reset_Handler
    startup_stm32f10x_hd.o(RESET) refers to stm32f10x_it.o(.text) for NMI_Handler
    startup_stm32f10x_hd.o(RESET) refers to os_cpu_a.o(.text) for PendSV_Handler
    startup_stm32f10x_hd.o(RESET) refers to esp8266.o(.text) for USART2_IRQHandler
    startup_stm32f10x_hd.o(.text) refers to system_stm32f10x.o(.text) for SystemInit
    startup_stm32f10x_hd.o(.text) refers to entry.o(.ARM.Collect$$$$00000000) for __main
    stm32f10x_adc.o(.text) refers to stm32f10x_rcc.o(.text) for RCC_APB2PeriphResetCmd
    stm32f10x_bkp.o(.text) refers to stm32f10x_rcc.o(.text) for RCC_BackupResetCmd
    stm32f10x_can.o(.text) refers to stm32f10x_rcc.o(.text) for RCC_APB1PeriphResetCmd
    stm32f10x_cec.o(.text) refers to stm32f10x_rcc.o(.text) for RCC_APB1PeriphResetCmd
    stm32f10x_dac.o(.text) refers to stm32f10x_rcc.o(.text) for RCC_APB1PeriphResetCmd
    stm32f10x_gpio.o(.text) refers to stm32f10x_rcc.o(.text) for RCC_APB2PeriphResetCmd
    stm32f10x_i2c.o(.text) refers to stm32f10x_rcc.o(.text) for RCC_APB1PeriphResetCmd
    stm32f10x_pwr.o(.text) refers to stm32f10x_rcc.o(.text) for RCC_APB1PeriphResetCmd
    stm32f10x_rcc.o(.text) refers to stm32f10x_rcc.o(.data) for APBAHBPrescTable
    stm32f10x_spi.o(.text) refers to stm32f10x_rcc.o(.text) for RCC_APB2PeriphResetCmd
    stm32f10x_tim.o(.text) refers to stm32f10x_rcc.o(.text) for RCC_APB2PeriphResetCmd
    stm32f10x_usart.o(.text) refers to stm32f10x_rcc.o(.text) for RCC_APB2PeriphResetCmd
    stm32f10x_wwdg.o(.text) refers to stm32f10x_rcc.o(.text) for RCC_APB1PeriphResetCmd
    system_stm32f10x.o(.text) refers to system_stm32f10x.o(.data) for SystemCoreClock
    common.o(.text) refers to stm32f10x_usart.o(.text) for USART_SendData
    esp8266.o(.text) refers to stm32f10x_rcc.o(.text) for RCC_APB2PeriphClockCmd
    esp8266.o(.text) refers to stm32f10x_gpio.o(.text) for GPIO_Init
    esp8266.o(.text) refers to stm32f10x_usart.o(.text) for USART_Init
    esp8266.o(.text) refers to misc.o(.text) for NVIC_PriorityGroupConfig
    esp8266.o(.text) refers to os_core.o(.text) for OSIntEnter
    esp8266.o(.text) refers to os_time.o(.text) for OSTimeDlyHMSM
    esp8266.o(.text) refers to common.o(.text) for USART_printf
    esp8266.o(.text) refers to strstr.o(.text) for strstr
    esp8266.o(.text) refers to printf3.o(i.__0sprintf$3) for __2sprintf
    esp8266.o(.text) refers to memseta.o(.text) for __aeabi_memclr4
    esp8266.o(.text) refers to esp8266.o(.bss) for strEsp8266_Fram_Record
    i2coled.o(.text) refers to stm32f10x_rcc.o(.text) for RCC_APB1PeriphClockCmd
    i2coled.o(.text) refers to stm32f10x_gpio.o(.text) for GPIO_Init
    i2coled.o(.text) refers to stm32f10x_i2c.o(.text) for I2C_DeInit
    i2coled.o(.text) refers to os_time.o(.text) for OSTimeDlyHMSM
    i2coled.o(.text) refers to i2coled.o(.constdata) for F6x8
    i2coled.o(.text) refers to i2coled.o(.data) for F16x16
    pwm_out.o(.text) refers to stm32f10x_rcc.o(.text) for RCC_APB1PeriphClockCmd
    pwm_out.o(.text) refers to stm32f10x_gpio.o(.text) for GPIO_Init
    pwm_out.o(.text) refers to stm32f10x_tim.o(.text) for TIM_TimeBaseInit
    usart.o(.text) refers to stm32f10x_rcc.o(.text) for RCC_APB2PeriphClockCmd
    usart.o(.text) refers to stm32f10x_gpio.o(.text) for GPIO_Init
    usart.o(.text) refers to stm32f10x_usart.o(.text) for USART_Init
    usart.o(.text) refers to misc.o(.text) for NVIC_PriorityGroupConfig
    bsp.o(.text) refers to stm32f10x_gpio.o(.text) for GPIO_SetBits
    bsp.o(.text) refers to esp8266.o(.text) for ESP8266_AT_Test
    bsp.o(.text) refers to pwm_out.o(.text) for TIM3_GPIO_Config
[...]
    printf5.o(i.__0sprintf$5) refers to printf5.o(i._printf_core) for _printf_core
    printf5.o(i.__0sprintf$5) refers to printf5.o(i._sputc) for _sputc
    printf5.o(i.__0vfprintf$5) refers to printf5.o(i._printf_core) for _printf_core
    printf5.o(i.__0vfprintf$5) refers to usart.o(.text) for fputc
    printf5.o(i.__0vprintf$5) refers to printf5.o(i._printf_core) for _printf_core
    printf5.o(i.__0vprintf$5) refers to usart.o(.text) for fputc
    printf5.o(i.__0vprintf$5) refers to stdout.o(.data) for __stdout
    printf5.o(i.__0vsnprintf$5) refers to printf5.o(i._printf_core) for _printf_core
    printf5.o(i.__0vsnprintf$5) refers to printf5.o(i._snputc) for _snputc
    printf5.o(i.__0vsprintf$5) refers to printf5.o(i._printf_core) for _printf_core
    printf5.o(i.__0vsprintf$5) refers to printf5.o(i._sputc) for _sputc
    printf5.o(i._printf_core) refers to uldiv.o(.text) for __aeabi_uldivmod
    printf6.o(i.__0fprintf$6) refers to printf6.o(i._printf_core) for _printf_core
    printf6.o(i.__0fprintf$6) refers to usart.o(.text) for fputc
    printf6.o(i.__0printf$6) refers to printf6.o(i._printf_core) for _printf_core
    printf6.o(i.__0printf$6) refers to usart.o(.text) for fputc
    printf6.o(i.__0printf$6) refers to stdout.o(.data) for __stdout
    printf6.o(i.__0snprintf$6) refers to printf6.o(i._printf_core) for _printf_core
    printf6.o(i.__0snprintf$6) refers to printf6.o(i._snputc) for _snputc
    printf6.o(i.__0sprintf$6) refers to printf6.o(i._printf_core) for _printf_core
    printf6.o(i.__0sprintf$6) refers to printf6.o(i._sputc) for _sputc
    printf6.o(i.__0vfprintf$6) refers to printf6.o(i._printf_core) for _printf_core
    printf6.o(i.__0vfprintf$6) refers to usart.o(.text) for fputc
    printf6.o(i.__0vprintf$6) refers to printf6.o(i._printf_core) for _printf_core
    printf6.o(i.__0vprintf$6) refers to usart.o(.text) for fputc
    printf6.o(i.__0vprintf$6) refers to stdout.o(.data) for __stdout
    printf6.o(i.__0vsnprintf$6) refers to printf6.o(i._printf_core) for _printf_core
    printf6.o(i.__0vsnprintf$6) refers to printf6.o(i._snputc) for _snputc
    printf6.o(i.__0vsprintf$6) refers to printf6.o(i._printf_core) for _printf_core
    printf6.o(i.__0vsprintf$6) refers to printf6.o(i._sputc) for _sputc
    printf6.o(i._printf_core) refers to printf6.o(i._printf_pre_padding) for _printf_pre_padding
    printf6.o(i._printf_core) refers to uidiv.o(.text) for __aeabi_uidivmod
    printf6.o(i._printf_core) refers to printf6.o(i._printf_post_padding) for _printf_post_padding
    printf7.o(i.__0fprintf$7) refers to printf7.o(i._printf_core) for _printf_core
    printf7.o(i.__0fprintf$7) refers to usart.o(.text) for fputc
    printf7.o(i.__0printf$7) refers to printf7.o(i._printf_core) for _printf_core
    printf7.o(i.__0printf$7) refers to usart.o(.text) for fputc
    printf7.o(i.__0printf$7) refers to stdout.o(.data) for __stdout
    printf7.o(i.__0snprintf$7) refers to printf7.o(i._printf_core) for _printf_core
    printf7.o(i.__0snprintf$7) refers to printf7.o(i._snputc) for _snputc
    printf7.o(i.__0sprintf$7) refers to printf7.o(i._printf_core) for _printf_core
    printf7.o(i.__0sprintf$7) refers to printf7.o(i._sputc) for _sputc
    printf7.o(i.__0vfprintf$7) refers to printf7.o(i._printf_core) for _printf_core
    printf7.o(i.__0vfprintf$7) refers to usart.o(.text) for fputc
    printf7.o(i.__0vprintf$7) refers to printf7.o(i._printf_core) for _printf_core
    printf7.o(i.__0vprintf$7) refers to usart.o(.text) for fputc
    printf7.o(i.__0vprintf$7) refers to stdout.o(.data) for __stdout
    printf7.o(i.__0vsnprintf$7) refers to printf7.o(i._printf_core) for _printf_core
    printf7.o(i.__0vsnprintf$7) refers to printf7.o(i._snputc) for _snputc
    printf7.o(i.__0vsprintf$7) refers to printf7.o(i._printf_core) for _printf_core
    printf7.o(i.__0vsprintf$7) refers to printf7.o(i._sputc) for _sputc
    printf7.o(i._printf_core) refers to printf7.o(i._printf_pre_padding) for _printf_pre_padding
    printf7.o(i._printf_core) refers to uldiv.o(.text) for __aeabi_uldivmod
    printf7.o(i._printf_core) refers to printf7.o(i._printf_post_padding) for _printf_post_padding
    printf8.o(i.__0fprintf$8) refers to printf8.o(i._printf_core) for _printf_core
    printf8.o(i.__0fprintf$8) refers to usart.o(.text) for fputc
    printf8.o(i.__0printf$8) refers to printf8.o(i._printf_core) for _printf_core
    printf8.o(i.__0printf$8) refers to usart.o(.text) for fputc
    printf8.o(i.__0printf$8) refers to stdout.o(.data) for __stdout
    printf8.o(i.__0snprintf$8) refers to printf8.o(i._printf_core) for _printf_core
    printf8.o(i.__0snprintf$8) refers to printf8.o(i._snputc) for _snputc
    printf8.o(i.__0sprintf$8) refers to printf8.o(i._printf_core) for _printf_core
    printf8.o(i.__0sprintf$8) refers to printf8.o(i._sputc) for _sputc
    printf8.o(i.__0vfprintf$8) refers to printf8.o(i._printf_core) for _printf_core
    printf8.o(i.__0vfprintf$8) refers to usart.o(.text) for fputc
    printf8.o(i.__0vprintf$8) refers to printf8.o(i._printf_core) for _printf_core
    printf8.o(i.__0vprintf$8) refers to usart.o(.text) for fputc
    printf8.o(i.__0vprintf$8) refers to stdout.o(.data) for __stdout
    printf8.o(i.__0vsnprintf$8) refers to printf8.o(i._printf_core) for _printf_core
    printf8.o(i.__0vsnprintf$8) refers to printf8.o(i._snputc) for _snputc
    printf8.o(i.__0vsprintf$8) refers to printf8.o(i._printf_core) for _printf_core
    printf8.o(i.__0vsprintf$8) refers to printf8.o(i._sputc) for _sputc
    printf8.o(i._printf_core) refers to printf8.o(i._printf_pre_padding) for _printf_pre_padding
    printf8.o(i._printf_core) refers to uldiv.o(.text) for __aeabi_uldivmod
    printf8.o(i._printf_core) refers to printf8.o(i._printf_post_padding) for _printf_post_padding
    printfa.o(i.__0fprintf) refers (Special) to iusefp.o(.text) for __I$use$fp
    printfa.o(i.__0fprintf) refers to printfa.o(i._printf_core) for _printf_core
    printfa.o(i.__0fprintf) refers to usart.o(.text) for fputc
    printfa.o(i.__0printf) refers (Special) to iusefp.o(.text) for __I$use$fp
    printfa.o(i.__0printf) refers to printfa.o(i._printf_core) for _printf_core
    printfa.o(i.__0printf) refers to usart.o(.text) for fputc
    printfa.o(i.__0printf) refers to stdout.o(.data) for __stdout
    printfa.o(i.__0snprintf) refers (Special) to iusefp.o(.text) for __I$use$fp
    printfa.o(i.__0snprintf) refers to printfa.o(i._printf_core) for _printf_core
    printfa.o(i.__0snprintf) refers to printfa.o(i._snputc) for _snputc
    printfa.o(i.__0sprintf) refers (Special) to iusefp.o(.text) for __I$use$fp
    printfa.o(i.__0sprintf) refers to printfa.o(i._printf_core) for _printf_core
    printfa.o(i.__0sprintf) refers to printfa.o(i._sputc) for _sputc
    printfa.o(i.__0vfprintf) refers (Special) to iusefp.o(.text) for __I$use$fp
    printfa.o(i.__0vfprintf) refers to printfa.o(i._printf_core) for _printf_core
    printfa.o(i.__0vfprintf) refers to usart.o(.text) for fputc
    printfa.o(i.__0vprintf) refers (Special) to iusefp.o(.text) for __I$use$fp
    printfa.o(i.__0vprintf) refers to printfa.o(i._printf_core) for _printf_core
    printfa.o(i.__0vprintf) refers to usart.o(.text) for fputc
    printfa.o(i.__0vprintf) refers to stdout.o(.data) for __stdout
    printfa.o(i.__0vsnprintf) refers (Special) to iusefp.o(.text) for __I$use$fp
    printfa.o(i.__0vsnprintf) refers to printfa.o(i._printf_core) for _printf_core
    printfa.o(i.__0vsnprintf) refers to printfa.o(i._snputc) for _snputc
    printfa.o(i.__0vsprintf) refers (Special) to iusefp.o(.text) for __I$use$fp
    printfa.o(i.__0vsprintf) refers to printfa.o(i._printf_core) for _printf_core
    printfa.o(i.__0vsprintf) refers to printfa.o(i._sputc) for _sputc
    printfa.o(i._fp_digits) refers (Special) to iusefp.o(.text) for __I$use$fp
    printfa.o(i._fp_digits) refers to dmul.o(.text) for __aeabi_dmul
    printfa.o(i._fp_digits) refers to ddiv.o(.text) for __aeabi_ddiv
    printfa.o(i._fp_digits) refers to cdrcmple.o(.text) for __aeabi_cdrcmple
    printfa.o(i._fp_digits) refers to dadd.o(.text) for __aeabi_dadd
    printfa.o(i._fp_digits) refers to dfixul.o(.text) for __aeabi_d2ulz
    printfa.o(i._fp_digits) refers to uldiv.o(.text) for __aeabi_uldivmod
    printfa.o(i._printf_core) refers (Special) to iusefp.o(.text) for __I$use$fp
    printfa.o(i._printf_core) refers to printfa.o(i._printf_pre_padding) for _printf_pre_padding
    printfa.o(i._printf_core) refers to uldiv.o(.text) for __aeabi_uldivmod
    printfa.o(i._printf_core) refers to printfa.o(i._printf_post_padding) for _printf_post_padding
    printfa.o(i._printf_core) refers to printfa.o(i._fp_digits) for _fp_digits
    printfa.o(i._printf_core) refers to uidiv.o(.text) for __aeabi_uidivmod
    printfa.o(i._printf_post_padding) refers (Special) to iusefp.o(.text) for __I$use$fp
    printfa.o(i._printf_pre_padding) refers (Special) to iusefp.o(.text) for __I$use$fp
    printfa.o(i._snputc) refers (Special) to iusefp.o(.text) for __I$use$fp
    printfa.o(i._sputc) refers (Special) to iusefp.o(.text) for __I$use$fp
    entry2.o(.ARM.Collect$$$$00000001) refers to entry2.o(.ARM.Collect$$$$00002712) for __lit__00000000
    entry2.o(.ARM.Collect$$$$00002712) refers to startup_stm32f10x_hd.o(STACK) for __initial_sp
    entry2.o(__vectab_stack_and_reset_area) refers to startup_stm32f10x_hd.o(STACK) for __initial_sp
    entry2.o(__vectab_stack_and_reset_area) refers to entry.o(.ARM.Collect$$$$00000000) for __main
    entry5.o(.ARM.Collect$$$$00000004) refers to init.o(.text) for __scatterload
    entry9a.o(.ARM.Collect$$$$0000000B) refers to parking.o(.text) for main
    entry9b.o(.ARM.Collect$$$$0000000C) refers to parking.o(.text) for main
    uldiv.o(.text) refers to llushr.o(.text) for __aeabi_llsr
    uldiv.o(.text) refers to llshl.o(.text) for __aeabi_llsl
    dadd.o(.text) refers to llshl.o(.text) for __aeabi_llsl
    dadd.o(.text) refers to llsshr.o(.text) for __aeabi_lasr
    dadd.o(.text) refers to depilogue.o(.text) for _double_epilogue
    dmul.o(.text) refers to depilogue.o(.text) for _double_epilogue
    ddiv.o(.text) refers to depilogue.o(.text) for _double_round
    dfixul.o(.text) refers to llushr.o(.text) for __aeabi_llsr
    dfixul.o(.text) refers to llshl.o(.text) for __aeabi_llsl
    init.o(.text) refers to entry5.o(.ARM.Collect$$$$00000004) for __main_after_scatterload
    depilogue.o(.text) refers to llshl.o(.text) for __aeabi_llsl
    depilogue.o(.text) refers to llushr.o(.text) for __aeabi_llsr


==============================================================================

Removing Unused input sections from the image.

    Removing startup_stm32f10x_hd.o(HEAP), (512 bytes).
    Removing stm32f10x_adc.o(.text), (1102 bytes).
    Removing stm32f10x_bkp.o(.text), (196 bytes).
    Removing stm32f10x_can.o(.text), (2544 bytes).
    Removing stm32f10x_cec.o(.text), (288 bytes).
    Removing stm32f10x_crc.o(.text), (72 bytes).
    Removing stm32f10x_dac.o(.text), (396 bytes).
    Removing stm32f10x_dbgmcu.o(.text), (48 bytes).
    Removing stm32f10x_dma.o(.text), (596 bytes).
    Removing stm32f10x_exti.o(.text), (284 bytes).
    Removing stm32f10x_flash.o(.text), (1468 bytes).
    Removing stm32f10x_fsmc.o(.text), (1548 bytes).
    Removing stm32f10x_iwdg.o(.text), (64 bytes).
    Removing stm32f10x_pwr.o(.text), (204 bytes).
    Removing stm32f10x_rtc.o(.text), (328 bytes).
    Removing stm32f10x_sdio.o(.text), (468 bytes).
    Removing stm32f10x_spi.o(.text), (780 bytes).
    Removing stm32f10x_wwdg.o(.text), (136 bytes).
    Removing core_cm3.o(.emb_text), (32 bytes).
    Removing usart.o(.data), (2 bytes).
    Removing dadd.o(.text), (334 bytes).
    Removing dmul.o(.text), (228 bytes).
    Removing ddiv.o(.text), (222 bytes).
    Removing dfixul.o(.text), (48 bytes).
    Removing cdrcmple.o(.text), (48 bytes).
    Removing depilogue.o(.text), (186 bytes).

26 unused section(s) (total 12134 bytes) removed from the image.

==============================================================================

Image Symbol Table

    Local Symbols

    Symbol Name                              Value     Ov Type        Size  Object(Section)

    ../clib/../cmprslib/zerorunl2.c          0x00000000   Number         0  __dczerorl2.o ABSOLUTE
    ../clib/microlib/division.c              0x00000000   Number         0  uidiv.o ABSOLUTE
    ../clib/microlib/division.c              0x00000000   Number         0  uldiv.o ABSOLUTE
    ../clib/microlib/init/entry.s            0x00000000   Number         0  entry2.o ABSOLUTE
    ../clib/microlib/init/entry.s            0x00000000   Number         0  entry7b.o ABSOLUTE
    ../clib/microlib/init/entry.s            0x00000000   Number         0  entry10b.o ABSOLUTE
    ../clib/microlib/init/entry.s            0x00000000   Number         0  entry8a.o ABSOLUTE
    ../clib/microlib/init/entry.s            0x00000000   Number         0  entry9a.o ABSOLUTE
    ../clib/microlib/init/entry.s            0x00000000   Number         0  entry8b.o ABSOLUTE
    ../clib/microlib/init/entry.s            0x00000000   Number         0  entry9b.o ABSOLUTE
    ../clib/microlib/init/entry.s            0x00000000   Number         0  entry10a.o ABSOLUTE
    ../clib/microlib/init/entry.s            0x00000000   Number         0  entry11a.o ABSOLUTE
    ../clib/microlib/init/entry.s            0x00000000   Number         0  entry11b.o ABSOLUTE
    ../clib/microlib/init/entry.s            0x00000000   Number         0  entry.o ABSOLUTE
    ../clib/microlib/init/entry.s            0x00000000   Number         0  entry7a.o ABSOLUTE
    ../clib/microlib/init/entry.s            0x00000000   Number         0  entry5.o ABSOLUTE
    ../clib/microlib/longlong.c              0x00000000   Number         0  llshl.o ABSOLUTE
    ../clib/microlib/longlong.c              0x00000000   Number         0  llushr.o ABSOLUTE
    ../clib/microlib/longlong.c              0x00000000   Number         0  llsshr.o ABSOLUTE
    ../clib/microlib/printf/printf.c         0x00000000   Number         0  printf4.o ABSOLUTE
    ../clib/microlib/printf/printf.c         0x00000000   Number         0  printfa.o ABSOLUTE
    ../clib/microlib/printf/printf.c         0x00000000   Number         0  printf8.o ABSOLUTE
    ../clib/microlib/printf/printf.c         0x00000000   Number         0  printf7.o ABSOLUTE
    ../clib/microlib/printf/printf.c         0x00000000   Number         0  printf6.o ABSOLUTE
    ../clib/microlib/printf/printf.c         0x00000000   Number         0  printf5.o ABSOLUTE
    ../clib/microlib/printf/printf.c         0x00000000   Number         0  printf3.o ABSOLUTE
    ../clib/microlib/printf/printf.c         0x00000000   Number         0  printf2.o ABSOLUTE
    ../clib/microlib/printf/printf.c         0x00000000   Number         0  printf1.o ABSOLUTE
    ../clib/microlib/printf/printf.c         0x00000000   Number         0  printf0.o ABSOLUTE
    ../clib/microlib/printf/printf.c         0x00000000   Number         0  printfb.o ABSOLUTE
    ../clib/microlib/printf/stubs.s          0x00000000   Number         0  stubs.o ABSOLUTE
    ../clib/microlib/stdio/streams.c         0x00000000   Number         0  stdout.o ABSOLUTE
    ../clib/microlib/string/memset.c         0x00000000   Number         0  memseta.o ABSOLUTE
    ../clib/microlib/string/strlen.c         0x00000000   Number         0  strlen.o ABSOLUTE
    ../clib/microlib/string/strstr.c         0x00000000   Number         0  strstr.o ABSOLUTE
    ../clib/microlib/stubs.s                 0x00000000   Number         0  iusefp.o ABSOLUTE
    ../fplib/microlib/fpadd.c                0x00000000   Number         0  dadd.o ABSOLUTE
    ../fplib/microlib/fpdiv.c                0x00000000   Number         0  ddiv.o ABSOLUTE
    ../fplib/microlib/fpepilogue.c           0x00000000   Number         0  depilogue.o ABSOLUTE
    ../fplib/microlib/fpfix.c                0x00000000   Number         0  dfixul.o ABSOLUTE
    ../fplib/microlib/fpmul.c                0x00000000   Number         0  dmul.o ABSOLUTE
    ..\BSP\BSP.c                             0x00000000   Number         0  bsp.o ABSOLUTE
    ..\BSP\Common.c                          0x00000000   Number         0  common.o ABSOLUTE
    ..\BSP\I2COLED.c                         0x00000000   Number         0  i2coled.o ABSOLUTE
    ..\BSP\PWM_OUT.C                         0x00000000   Number         0  pwm_out.o ABSOLUTE
    ..\BSP\esp8266.c                         0x00000000   Number         0  esp8266.o ABSOLUTE
    ..\BSP\usart.c                           0x00000000   Number         0  usart.o ABSOLUTE
    ..\CMSIS\core_cm3.c                      0x00000000   Number         0  core_cm3.o ABSOLUTE
    ..\CMSIS\startup\startup_stm32f10x_hd.s  0x00000000   Number         0  startup_stm32f10x_hd.o ABSOLUTE
    ..\CMSIS\system_stm32f10x.c              0x00000000   Number         0  system_stm32f10x.o ABSOLUTE
    ..\FWLIB\src\misc.c                      0x00000000   Number         0  misc.o ABSOLUTE
    ..\FWLIB\src\stm32f10x_adc.c             0x00000000   Number         0  stm32f10x_adc.o ABSOLUTE
    ..\FWLIB\src\stm32f10x_bkp.c             0x00000000   Number         0  stm32f10x_bkp.o ABSOLUTE
    ..\FWLIB\src\stm32f10x_can.c             0x00000000   Number         0  stm32f10x_can.o ABSOLUTE
    ..\FWLIB\src\stm32f10x_cec.c             0x00000000   Number         0  stm32f10x_cec.o ABSOLUTE
    ..\FWLIB\src\stm32f10x_crc.c             0x00000000   Number         0  stm32f10x_crc.o ABSOLUTE
    ..\FWLIB\src\stm32f10x_dac.c             0x00000000   Number         0  stm32f10x_dac.o ABSOLUTE
    ..\FWLIB\src\stm32f10x_dbgmcu.c          0x00000000   Number         0  stm32f10x_dbgmcu.o ABSOLUTE
    ..\FWLIB\src\stm32f10x_dma.c             0x00000000   Number         0  stm32f10x_dma.o ABSOLUTE
    ..\FWLIB\src\stm32f10x_exti.c            0x00000000   Number         0  stm32f10x_exti.o ABSOLUTE
    ..\FWLIB\src\stm32f10x_flash.c           0x00000000   Number         0  stm32f10x_flash.o ABSOLUTE
    ..\FWLIB\src\stm32f10x_fsmc.c            0x00000000   Number         0  stm32f10x_fsmc.o ABSOLUTE
    ..\FWLIB\src\stm32f10x_gpio.c            0x00000000   Number         0  stm32f10x_gpio.o ABSOLUTE
    ..\FWLIB\src\stm32f10x_i2c.c             0x00000000   Number         0  stm32f10x_i2c.o ABSOLUTE
    ..\FWLIB\src\stm32f10x_iwdg.c            0x00000000   Number         0  stm32f10x_iwdg.o ABSOLUTE
    ..\FWLIB\src\stm32f10x_pwr.c             0x00000000   Number         0  stm32f10x_pwr.o ABSOLUTE
    ..\FWLIB\src\stm32f10x_rcc.c             0x00000000   Number         0  stm32f10x_rcc.o ABSOLUTE
    ..\FWLIB\src\stm32f10x_rtc.c             0x00000000   Number         0  stm32f10x_rtc.o ABSOLUTE
    ..\FWLIB\src\stm32f10x_sdio.c            0x00000000   Number         0  stm32f10x_sdio.o ABSOLUTE
    ..\FWLIB\src\stm32f10x_spi.c             0x00000000   Number         0  stm32f10x_spi.o ABSOLUTE
    ..\FWLIB\src\stm32f10x_tim.c             0x00000000   Number         0  stm32f10x_tim.o ABSOLUTE
    ..\FWLIB\src\stm32f10x_usart.c           0x00000000   Number         0  stm32f10x_usart.o ABSOLUTE
    ..\FWLIB\src\stm32f10x_wwdg.c            0x00000000   Number         0  stm32f10x_wwdg.o ABSOLUTE
    ..\UCOS-II\CORE\os_core.c                0x00000000   Number         0  os_core.o ABSOLUTE
    ..\UCOS-II\CORE\os_flag.c                0x00000000   Number         0  os_flag.o ABSOLUTE
    ..\UCOS-II\CORE\os_mbox.c                0x00000000   Number         0  os_mbox.o ABSOLUTE
    ..\UCOS-II\CORE\os_mem.c                 0x00000000   Number         0  os_mem.o ABSOLUTE
    ..\UCOS-II\CORE\os_mutex.c               0x00000000   Number         0  os_mutex.o ABSOLUTE
    ..\UCOS-II\CORE\os_q.c                   0x00000000   Number         0  os_q.o ABSOLUTE
    ..\UCOS-II\CORE\os_sem.c                 0x00000000   Number         0  os_sem.o ABSOLUTE
    ..\UCOS-II\CORE\os_task.c                0x00000000   Number         0  os_task.o ABSOLUTE
    ..\UCOS-II\CORE\os_time.c                0x00000000   Number         0  os_time.o ABSOLUTE
    ..\UCOS-II\CORE\os_tmr.c                 0x00000000   Number         0  os_tmr.o ABSOLUTE
    ..\UCOS-II\PORT\os_cpu_a.asm             0x00000000   Number         0  os_cpu_a.o ABSOLUTE
    ..\UCOS-II\PORT\os_cpu_c.c               0x00000000   Number         0  os_cpu_c.o ABSOLUTE
    ..\UCOS-II\PORT\os_dbg.c                 0x00000000   Number         0  os_dbg.o ABSOLUTE
    ..\\CMSIS\\core_cm3.c                    0x00000000   Number         0  core_cm3.o ABSOLUTE
    APP.c                                    0x00000000   Number         0  app.o ABSOLUTE
    cdrcmple.s                               0x00000000   Number         0  cdrcmple.o ABSOLUTE
    dc.s                                     0x00000000   Number         0  dc.o ABSOLUTE
    handlers.s                               0x00000000   Number         0  handlers.o ABSOLUTE
    init.s                                   0x00000000   Number         0  init.o ABSOLUTE
    parking.c                                0x00000000   Number         0  parking.o ABSOLUTE
    stm32f10x_it.c                           0x00000000   Number         0  stm32f10x_it.o ABSOLUTE
    RESET                                    0x08000000   Section      304  startup_stm32f10x_hd.o(RESET)
    .ARM.Collect$$$$00000000                 0x08000130   Section        0  entry.o(.ARM.Collect$$$$00000000)
    .ARM.Collect$$$$00000001                 0x08000130   Section        4  entry2.o(.ARM.Collect$$$$00000001)
    .ARM.Collect$$$$00000004                 0x08000134   Section        4  entry5.o(.ARM.Collect$$$$00000004)
    .ARM.Collect$$$$00000008                 0x08000138   Section        0  entry7b.o(.ARM.Collect$$$$00000008)
    .ARM.Collect$$$$0000000A                 0x08000138   Section        0  entry8b.o(.ARM.Collect$$$$0000000A)
    .ARM.Collect$$$$0000000B                 0x08000138   Section        8  entry9a.o(.ARM.Collect$$$$0000000B)
    .ARM.Collect$$$$0000000D                 0x08000140   Section        0  entry10a.o(.ARM.Collect$$$$0000000D)
    .ARM.Collect$$$$0000000F                 0x08000140   Section        0  entry11a.o(.ARM.Collect$$$$0000000F)
    .ARM.Collect$$$$00002712                 0x08000140   Section        4  entry2.o(.ARM.Collect$$$$00002712)
    __lit__00000000                          0x08000140   Data           4  entry2.o(.ARM.Collect$$$$00002712)
    .text                                    0x08000144   Section        0  stm32f10x_it.o(.text)
    .text                                    0x0800016c   Section        0  parking.o(.text)
    .text                                    0x080001a8   Section        0  app.o(.text)
    .text                                    0x080004cc   Section       36  startup_stm32f10x_hd.o(.text)
    .text                                    0x080004f0   Section        0  misc.o(.text)
    .text                                    0x080005cc   Section        0  stm32f10x_gpio.o(.text)
    .text                                    0x08000928   Section        0  stm32f10x_i2c.o(.text)
    .text                                    0x08000d2c   Section        0  stm32f10x_rcc.o(.text)
    .text                                    0x080010d0   Section        0  stm32f10x_tim.o(.text)
    TI4_Config                               0x08001577   Thumb Code   130  stm32f10x_tim.o(.text)
    TI3_Config                               0x0800160b   Thumb Code   122  stm32f10x_tim.o(.text)
    TI2_Config                               0x0800169f   Thumb Code   130  stm32f10x_tim.o(.text)
    TI1_Config                               0x08001733   Thumb Code   108  stm32f10x_tim.o(.text)
    .text                                    0x08001eec   Section        0  stm32f10x_usart.o(.text)
    .text                                    0x080022f4   Section        0  system_stm32f10x.o(.text)
    SetSysClockTo72                          0x080022f5   Thumb Code   214  system_stm32f10x.o(.text)
    SetSysClock                              0x080023cb   Thumb Code     8  system_stm32f10x.o(.text)
    .text                                    0x080024d4   Section        0  common.o(.text)
    itoa                                     0x080024d5   Thumb Code    98  common.o(.text)
    .text                                    0x0800263c   Section        0  esp8266.o(.text)
    .text                                    0x08002f3c   Section        0  i2coled.o(.text)
    .text                                    0x0800335c   Section        0  pwm_out.o(.text)
    .text                                    0x08003440   Section        0  usart.o(.text)
    .text                                    0x08003514   Section        0  bsp.o(.text)
    .text                                    0x08003650   Section        0  os_core.o(.text)
    OS_InitTaskStat                          0x080036f9   Thumb Code    52  os_core.o(.text)
    OS_InitTaskIdle                          0x0800374d   Thumb Code    52  os_core.o(.text)
    OS_InitEventList                         0x08003781   Thumb Code     2  os_core.o(.text)
    OS_InitTCBList                           0x08003795   Thumb Code    86  os_core.o(.text)
    OS_InitRdyList                           0x080037eb   Thumb Code    46  os_core.o(.text)
    OS_InitMisc                              0x08003819   Thumb Code    44  os_core.o(.text)
    OS_SchedNew                              0x08003889   Thumb Code    26  os_core.o(.text)
    .text                                    0x08003d18   Section        0  os_task.o(.text)
    .text                                    0x08004418   Section        0  os_time.o(.text)
    .text                                    0x080045cc   Section      164  os_cpu_a.o(.text)
    .text                                    0x08004670   Section        0  os_cpu_c.o(.text)
    .text                                    0x0800471c   Section        0  os_dbg.o(.text)
    .text                                    0x08004830   Section        0  memseta.o(.text)
    .text                                    0x08004854   Section        0  strstr.o(.text)
    .text                                    0x08004878   Section        0  strlen.o(.text)
    .text                                    0x08004886   Section        0  uidiv.o(.text)
    .text                                    0x080048b4   Section       36  init.o(.text)
    .text                                    0x080048d8   Section        0  __dczerorl2.o(.text)
    i.__0sprintf$3                           0x08004930   Section        0  printf3.o(i.__0sprintf$3)
    i.__scatterload_copy                     0x08004958   Section       14  handlers.o(i.__scatterload_copy)
    i.__scatterload_null                     0x08004966   Section        2  handlers.o(i.__scatterload_null)
    i.__scatterload_zeroinit                 0x08004968   Section       14  handlers.o(i.__scatterload_zeroinit)
    i._printf_core                           0x08004978   Section        0  printf3.o(i._printf_core)
    _printf_core                             0x08004979   Thumb Code   436  printf3.o(i._printf_core)
    i._sputc                                 0x08004b30   Section        0  printf3.o(i._sputc)
    _sputc                                   0x08004b31   Thumb Code    10  printf3.o(i._sputc)
    .constdata                               0x08004b3a   Section     2072  i2coled.o(.constdata)
    .constdata                               0x08005352   Section      256  os_core.o(.constdata)
    .constdata                               0x08005454   Section       94  os_dbg.o(.constdata)
    .data                                    0x20000000   Section     2419  app.o(.data)
    .data                                    0x20000973   Section       20  stm32f10x_rcc.o(.data)
    APBAHBPrescTable                         0x20000973   Data          16  stm32f10x_rcc.o(.data)
    ADCPrescTable                            0x20000983   Data           4  stm32f10x_rcc.o(.data)
    .data                                    0x20000988   Section       20  system_stm32f10x.o(.data)
    .data                                    0x2000099c   Section     1184  i2coled.o(.data)
    .data                                    0x20000e3c   Section       56  os_core.o(.data)
    .bss                                     0x20000e74   Section     1536  parking.o(.bss)
    TASK_ESP8266_STK                         0x20000e74   Data        1024  parking.o(.bss)
    TASK_HTML_STK                            0x20001274   Data         512  parking.o(.bss)
    .bss                                     0x20001474   Section      200  app.o(.bss)
    .bss                                     0x2000153c   Section     1026  esp8266.o(.bss)
    .bss                                     0x20001940   Section     2824  os_core.o(.bss)
    STACK                                    0x20002448   Section     1024  startup_stm32f10x_hd.o(STACK)

    Global Symbols

    Symbol Name                              Value     Ov Type        Size  Object(Section)

    BuildAttributes$$THM_ISAv4$P$D$K$B$S$PE$A:L22UL41UL21$X:L11$S22US41US21$IEEE1$IW$USESV6$~STKCKD$USESV7$~SHL$OSPACE$ROPI$EBA8$MICROLIB$REQ8$PRES8$EABIv2 0x00000000   Number         0  anon$$obj.o ABSOLUTE
    __ARM_use_no_argv                        0x00000000   Number         0  parking.o ABSOLUTE
    _printf_a                                0x00000000   Number         0  stubs.o ABSOLUTE
    _printf_c                                0x00000000   Number         0  stubs.o ABSOLUTE
    _printf_charcount                        0x00000000   Number         0  stubs.o ABSOLUTE
    _printf_d                                0x00000000   Number         0  stubs.o ABSOLUTE
    _printf_e                                0x00000000   Number         0  stubs.o ABSOLUTE
    _printf_f                                0x00000000   Number         0  stubs.o ABSOLUTE
    _printf_flags                            0x00000000   Number         0  stubs.o ABSOLUTE
    _printf_fp_dec                           0x00000000   Number         0  stubs.o ABSOLUTE
    _printf_fp_hex                           0x00000000   Number         0  stubs.o ABSOLUTE
    _printf_g                                0x00000000   Number         0  stubs.o ABSOLUTE
    _printf_i                                0x00000000   Number         0  stubs.o ABSOLUTE
    _printf_int_dec                          0x00000000   Number         0  stubs.o ABSOLUTE
    _printf_l                                0x00000000   Number         0  stubs.o ABSOLUTE
    _printf_lc                               0x00000000   Number         0  stubs.o ABSOLUTE
    _printf_ll                               0x00000000   Number         0  stubs.o ABSOLUTE
    _printf_lld                              0x00000000   Number         0  stubs.o ABSOLUTE
    _printf_lli                              0x00000000   Number         0  stubs.o ABSOLUTE
    _printf_llo                              0x00000000   Number         0  stubs.o ABSOLUTE
    _printf_llu                              0x00000000   Number         0  stubs.o ABSOLUTE
    _printf_llx                              0x00000000   Number         0  stubs.o ABSOLUTE
    _printf_longlong_dec                     0x00000000   Number         0  stubs.o ABSOLUTE
    _printf_longlong_hex                     0x00000000   Number         0  stubs.o ABSOLUTE
    _printf_longlong_oct                     0x00000000   Number         0  stubs.o ABSOLUTE
    _printf_ls                               0x00000000   Number         0  stubs.o ABSOLUTE
    _printf_mbtowc                           0x00000000   Number         0  stubs.o ABSOLUTE
    _printf_n                                0x00000000   Number         0  stubs.o ABSOLUTE
    _printf_o                                0x00000000   Number         0  stubs.o ABSOLUTE
    _printf_p                                0x00000000   Number         0  stubs.o ABSOLUTE
    _printf_percent                          0x00000000   Number         0  stubs.o ABSOLUTE
    _printf_pre_padding                      0x00000000   Number         0  stubs.o ABSOLUTE
    _printf_return_value                     0x00000000   Number         0  stubs.o ABSOLUTE
    _printf_s                                0x00000000   Number         0  stubs.o ABSOLUTE
    _printf_sizespec                         0x00000000   Number         0  stubs.o ABSOLUTE
    _printf_str                              0x00000000   Number         0  stubs.o ABSOLUTE
    _printf_truncate_signed                  0x00000000   Number         0  stubs.o ABSOLUTE
    _printf_truncate_unsigned                0x00000000   Number         0  stubs.o ABSOLUTE
    _printf_u                                0x00000000   Number         0  stubs.o ABSOLUTE
    _printf_wc                               0x00000000   Number         0  stubs.o ABSOLUTE
    _printf_wctomb                           0x00000000   Number         0  stubs.o ABSOLUTE
    _printf_widthprec                        0x00000000   Number         0  stubs.o ABSOLUTE
    _printf_x                                0x00000000   Number         0  stubs.o ABSOLUTE
    __cpp_initialize__aeabi_                  - Undefined Weak Reference
    __cxa_finalize                            - Undefined Weak Reference
    _clock_init                               - Undefined Weak Reference
    _microlib_exit                            - Undefined Weak Reference
    __Vectors_Size                           0x00000130   Number         0  startup_stm32f10x_hd.o ABSOLUTE
    __Vectors                                0x08000000   Data           4  startup_stm32f10x_hd.o(RESET)
    __Vectors_End                            0x08000130   Data           0  startup_stm32f10x_hd.o(RESET)
    __main                                   0x08000131   Thumb Code     0  entry.o(.ARM.Collect$$$$00000000)
    _main_stk                                0x08000131   Thumb Code     0  entry2.o(.ARM.Collect$$$$00000001)
    _main_scatterload                        0x08000135   Thumb Code     0  entry5.o(.ARM.Collect$$$$00000004)
    __main_after_scatterload                 0x08000139   Thumb Code     0  entry5.o(.ARM.Collect$$$$00000004)
    _main_clock                              0x08000139   Thumb Code     0  entry7b.o(.ARM.Collect$$$$00000008)
    _main_cpp_init                           0x08000139   Thumb Code     0  entry8b.o(.ARM.Collect$$$$0000000A)
    _main_init                               0x08000139   Thumb Code     0  entry9a.o(.ARM.Collect$$$$0000000B)
    __rt_final_cpp                           0x08000141   Thumb Code     0  entry10a.o(.ARM.Collect$$$$0000000D)
    __rt_final_exit                          0x08000141   Thumb Code     0  entry11a.o(.ARM.Collect$$$$0000000F)
    NMI_Handler                              0x08000145   Thumb Code     2  stm32f10x_it.o(.text)
    HardFault_Handler                        0x08000147   Thumb Code     4  stm32f10x_it.o(.text)
    MemManage_Handler                        0x0800014b   Thumb Code     4  stm32f10x_it.o(.text)
    BusFault_Handler                         0x0800014f   Thumb Code     4  stm32f10x_it.o(.text)
    UsageFault_Handler                       0x08000153   Thumb Code     4  stm32f10x_it.o(.text)
    SVC_Handler                              0x08000157   Thumb Code     2  stm32f10x_it.o(.text)
    DebugMon_Handler                         0x08000159   Thumb Code     2  stm32f10x_it.o(.text)
    SysTick_Handler                          0x0800015b   Thumb Code    16  stm32f10x_it.o(.text)
    main                                     0x0800016d   Thumb Code    42  parking.o(.text)
    printInfo                                0x080001a9   Thumb Code    34  app.o(.text)
    Task_esp8266_sendHTML                    0x080001cb   Thumb Code    68  app.o(.text)
    Task_esp8266                             0x0800020f   Thumb Code   454  app.o(.text)
    Reset_Handler                            0x080004cd   Thumb Code     8  startup_stm32f10x_hd.o(.text)
    ADC1_2_IRQHandler                        0x080004e7   Thumb Code     0  startup_stm32f10x_hd.o(.text)
    ADC3_IRQHandler                          0x080004e7   Thumb Code     0  startup_stm32f10x_hd.o(.text)
    CAN1_RX1_IRQHandler                      0x080004e7   Thumb Code     0  startup_stm32f10x_hd.o(.text)
    CAN1_SCE_IRQHandler                      0x080004e7   Thumb Code     0  startup_stm32f10x_hd.o(.text)
    DMA1_Channel1_IRQHandler                 0x080004e7   Thumb Code     0  startup_stm32f10x_hd.o(.text)
    DMA1_Channel2_IRQHandler                 0x080004e7   Thumb Code     0  startup_stm32f10x_hd.o(.text)
    DMA1_Channel3_IRQHandler                 0x080004e7   Thumb Code     0  startup_stm32f10x_hd.o(.text)
    DMA1_Channel4_IRQHandler                 0x080004e7   Thumb Code     0  startup_stm32f10x_hd.o(.text)
    DMA1_Channel5_IRQHandler                 0x080004e7   Thumb Code     0  startup_stm32f10x_hd.o(.text)
    DMA1_Channel6_IRQHandler                 0x080004e7   Thumb Code     0  startup_stm32f10x_hd.o(.text)
    DMA1_Channel7_IRQHandler                 0x080004e7   Thumb Code     0  startup_stm32f10x_hd.o(.text)
    DMA2_Channel1_IRQHandler                 0x080004e7   Thumb Code     0  startup_stm32f10x_hd.o(.text)
    DMA2_Channel2_IRQHandler                 0x080004e7   Thumb Code     0  startup_stm32f10x_hd.o(.text)
    DMA2_Channel3_IRQHandler                 0x080004e7   Thumb Code     0  startup_stm32f10x_hd.o(.text)
    DMA2_Channel4_5_IRQHandler               0x080004e7   Thumb Code     0  startup_stm32f10x_hd.o(.text)
    EXTI0_IRQHandler                         0x080004e7   Thumb Code     0  startup_stm32f10x_hd.o(.text)
    EXTI15_10_IRQHandler                     0x080004e7   Thumb Code     0  startup_stm32f10x_hd.o(.text)
    EXTI1_IRQHandler                         0x080004e7   Thumb Code     0  startup_stm32f10x_hd.o(.text)
    EXTI2_IRQHandler                         0x080004e7   Thumb Code     0  startup_stm32f10x_hd.o(.text)
    EXTI3_IRQHandler                         0x080004e7   Thumb Code     0  startup_stm32f10x_hd.o(.text)
    EXTI4_IRQHandler                         0x080004e7   Thumb Code     0  startup_stm32f10x_hd.o(.text)
    EXTI9_5_IRQHandler                       0x080004e7   Thumb Code     0  startup_stm32f10x_hd.o(.text)
    FLASH_IRQHandler                         0x080004e7   Thumb Code     0  startup_stm32f10x_hd.o(.text)
    FSMC_IRQHandler                          0x080004e7   Thumb Code     0  startup_stm32f10x_hd.o(.text)
    I2C1_ER_IRQHandler                       0x080004e7   Thumb Code     0  startup_stm32f10x_hd.o(.text)
    I2C1_EV_IRQHandler                       0x080004e7   Thumb Code     0  startup_stm32f10x_hd.o(.text)
    I2C2_ER_IRQHandler                       0x080004e7   Thumb Code     0  startup_stm32f10x_hd.o(.text)
    I2C2_EV_IRQHandler                       0x080004e7   Thumb Code     0  startup_stm32f10x_hd.o(.text)
    PVD_IRQHandler                           0x080004e7   Thumb Code     0  startup_stm32f10x_hd.o(.text)
    RCC_IRQHandler                           0x080004e7   Thumb Code     0  startup_stm32f10x_hd.o(.text)
    RTCAlarm_IRQHandler                      0x080004e7   Thumb Code     0  startup_stm32f10x_hd.o(.text)
    RTC_IRQHandler                           0x080004e7   Thumb Code     0  startup_stm32f10x_hd.o(.text)
    SDIO_IRQHandler                          0x080004e7   Thumb Code     0  startup_stm32f10x_hd.o(.text)
    SPI1_IRQHandler                          0x080004e7   Thumb Code     0  startup_stm32f10x_hd.o(.text)
    SPI2_IRQHandler                          0x080004e7   Thumb Code     0  startup_stm32f10x_hd.o(.text)
    SPI3_IRQHandler                          0x080004e7   Thumb Code     0  startup_stm32f10x_hd.o(.text)
    TAMPER_IRQHandler                        0x080004e7   Thumb Code     0  startup_stm32f10x_hd.o(.text)
    TIM1_BRK_IRQHandler                      0x080004e7   Thumb Code     0  startup_stm32f10x_hd.o(.text)
    TIM1_CC_IRQHandler                       0x080004e7   Thumb Code     0  startup_stm32f10x_hd.o(.text)
    TIM1_TRG_COM_IRQHandler                  0x080004e7   Thumb Code     0  startup_stm32f10x_hd.o(.text)
    TIM1_UP_IRQHandler                       0x080004e7   Thumb Code     0  startup_stm32f10x_hd.o(.text)
    TIM2_IRQHandler                          0x080004e7   Thumb Code     0  startup_stm32f10x_hd.o(.text)
    TIM3_IRQHandler                          0x080004e7   Thumb Code     0  startup_stm32f10x_hd.o(.text)
    TIM4_IRQHandler                          0x080004e7   Thumb Code     0  startup_stm32f10x_hd.o(.text)
    TIM5_IRQHandler                          0x080004e7   Thumb Code     0  startup_stm32f10x_hd.o(.text)
    TIM6_IRQHandler                          0x080004e7   Thumb Code     0  startup_stm32f10x_hd.o(.text)
    TIM7_IRQHandler                          0x080004e7   Thumb Code     0  startup_stm32f10x_hd.o(.text)
    TIM8_BRK_IRQHandler                      0x080004e7   Thumb Code     0  startup_stm32f10x_hd.o(.text)
    TIM8_CC_IRQHandler                       0x080004e7   Thumb Code     0  startup_stm32f10x_hd.o(.text)
    TIM8_TRG_COM_IRQHandler                  0x080004e7   Thumb Code     0  startup_stm32f10x_hd.o(.text)
    TIM8_UP_IRQHandler                       0x080004e7   Thumb Code     0  startup_stm32f10x_hd.o(.text)
    UART4_IRQHandler                         0x080004e7   Thumb Code     0  startup_stm32f10x_hd.o(.text)
    UART5_IRQHandler                         0x080004e7   Thumb Code     0  startup_stm32f10x_hd.o(.text)
    USART1_IRQHandler                        0x080004e7   Thumb Code     0  startup_stm32f10x_hd.o(.text)
    USART3_IRQHandler                        0x080004e7   Thumb Code     0  startup_stm32f10x_hd.o(.text)
    USBWakeUp_IRQHandler                     0x080004e7   Thumb Code     0  startup_stm32f10x_hd.o(.text)
    USB_HP_CAN1_TX_IRQHandler                0x080004e7   Thumb Code     0  startup_stm32f10x_hd.o(.text)
    USB_LP_CAN1_RX0_IRQHandler               0x080004e7   Thumb Code     0  startup_stm32f10x_hd.o(.text)
    WWDG_IRQHandler                          0x080004e7   Thumb Code     0  startup_stm32f10x_hd.o(.text)
    NVIC_PriorityGroupConfig                 0x080004f1   Thumb Code    10  misc.o(.text)
    NVIC_Init                                0x080004fb   Thumb Code   100  misc.o(.text)
    NVIC_SetVectorTable                      0x0800055f   Thumb Code    14  misc.o(.text)
    NVIC_SystemLPConfig                      0x0800056d   Thumb Code    34  misc.o(.text)
    SysTick_CLKSourceConfig                  0x0800058f   Thumb Code    40  misc.o(.text)
    GPIO_DeInit                              0x080005cd   Thumb Code   172  stm32f10x_gpio.o(.text)
    GPIO_AFIODeInit                          0x08000679   Thumb Code    20  stm32f10x_gpio.o(.text)
    GPIO_Init                                0x0800068d   Thumb Code   278  stm32f10x_gpio.o(.text)
    GPIO_StructInit                          0x080007a3   Thumb Code    16  stm32f10x_gpio.o(.text)
    GPIO_ReadInputDataBit                    0x080007b3   Thumb Code    18  stm32f10x_gpio.o(.text)
    GPIO_ReadInputData                       0x080007c5   Thumb Code     8  stm32f10x_gpio.o(.text)
    GPIO_ReadOutputDataBit                   0x080007cd   Thumb Code    18  stm32f10x_gpio.o(.text)
    GPIO_ReadOutputData                      0x080007df   Thumb Code     8  stm32f10x_gpio.o(.text)
    GPIO_SetBits                             0x080007e7   Thumb Code     4  stm32f10x_gpio.o(.text)
    GPIO_ResetBits                           0x080007eb   Thumb Code     4  stm32f10x_gpio.o(.text)
    GPIO_WriteBit                            0x080007ef   Thumb Code    10  stm32f10x_gpio.o(.text)
    GPIO_Write                               0x080007f9   Thumb Code     4  stm32f10x_gpio.o(.text)
    GPIO_PinLockConfig                       0x080007fd   Thumb Code    18  stm32f10x_gpio.o(.text)
    GPIO_EventOutputConfig                   0x0800080f   Thumb Code    26  stm32f10x_gpio.o(.text)
    GPIO_EventOutputCmd                      0x08000829   Thumb Code     6  stm32f10x_gpio.o(.text)
    GPIO_PinRemapConfig                      0x0800082f   Thumb Code   138  stm32f10x_gpio.o(.text)
    GPIO_EXTILineConfig                      0x080008b9   Thumb Code    66  stm32f10x_gpio.o(.text)
    GPIO_ETH_MediaInterfaceConfig            0x080008fb   Thumb Code     8  stm32f10x_gpio.o(.text)
    I2C_DeInit                               0x08000929   Thumb Code    50  stm32f10x_i2c.o(.text)
    I2C_Init                                 0x0800095b   Thumb Code   222  stm32f10x_i2c.o(.text)
    I2C_StructInit                           0x08000a39   Thumb Code    30  stm32f10x_i2c.o(.text)
    I2C_Cmd                                  0x08000a57   Thumb Code    24  stm32f10x_i2c.o(.text)
    I2C_DMACmd                               0x08000a6f   Thumb Code    24  stm32f10x_i2c.o(.text)
    I2C_DMALastTransferCmd                   0x08000a87   Thumb Code    24  stm32f10x_i2c.o(.text)
    I2C_GenerateSTART                        0x08000a9f   Thumb Code    24  stm32f10x_i2c.o(.text)
    I2C_GenerateSTOP                         0x08000ab7   Thumb Code    24  stm32f10x_i2c.o(.text)
    I2C_AcknowledgeConfig                    0x08000acf   Thumb Code    24  stm32f10x_i2c.o(.text)
    I2C_OwnAddress2Config                    0x08000ae7   Thumb Code    22  stm32f10x_i2c.o(.text)
    I2C_DualAddressCmd                       0x08000afd   Thumb Code    24  stm32f10x_i2c.o(.text)
    I2C_GeneralCallCmd                       0x08000b15   Thumb Code    24  stm32f10x_i2c.o(.text)
    I2C_ITConfig                             0x08000b2d   Thumb Code    18  stm32f10x_i2c.o(.text)
    I2C_SendData                             0x08000b3f   Thumb Code     4  stm32f10x_i2c.o(.text)
    I2C_ReceiveData                          0x08000b43   Thumb Code     8  stm32f10x_i2c.o(.text)
    I2C_Send7bitAddress                      0x08000b4b   Thumb Code    18  stm32f10x_i2c.o(.text)
    I2C_ReadRegister                         0x08000b5d   Thumb Code    22  stm32f10x_i2c.o(.text)
    I2C_SoftwareResetCmd                     0x08000b73   Thumb Code    22  stm32f10x_i2c.o(.text)
    I2C_NACKPositionConfig                   0x08000b89   Thumb Code    28  stm32f10x_i2c.o(.text)
    I2C_SMBusAlertConfig                     0x08000ba5   Thumb Code    28  stm32f10x_i2c.o(.text)
    I2C_TransmitPEC                          0x08000bc1   Thumb Code    24  stm32f10x_i2c.o(.text)
    I2C_PECPositionConfig                    0x08000bd9   Thumb Code    28  stm32f10x_i2c.o(.text)
    I2C_CalculatePEC                         0x08000bf5   Thumb Code    24  stm32f10x_i2c.o(.text)
    I2C_GetPEC                               0x08000c0d   Thumb Code     8  stm32f10x_i2c.o(.text)
    I2C_ARPCmd                               0x08000c15   Thumb Code    24  stm32f10x_i2c.o(.text)
    I2C_StretchClockCmd                      0x08000c2d   Thumb Code    24  stm32f10x_i2c.o(.text)
    I2C_FastModeDutyCycleConfig              0x08000c45   Thumb Code    28  stm32f10x_i2c.o(.text)
    I2C_CheckEvent                           0x08000c61   Thumb Code    42  stm32f10x_i2c.o(.text)
    I2C_GetLastEvent                         0x08000c8b   Thumb Code    26  stm32f10x_i2c.o(.text)
    I2C_GetFlagStatus                        0x08000ca5   Thumb Code    58  stm32f10x_i2c.o(.text)
    I2C_ClearFlag                            0x08000cdf   Thumb Code    12  stm32f10x_i2c.o(.text)
    I2C_GetITStatus                          0x08000ceb   Thumb Code    54  stm32f10x_i2c.o(.text)
    I2C_ClearITPendingBit                    0x08000d21   Thumb Code    12  stm32f10x_i2c.o(.text)
    RCC_DeInit                               0x08000d2d   Thumb Code    64  stm32f10x_rcc.o(.text)
    RCC_HSEConfig                            0x08000d6d   Thumb Code    70  stm32f10x_rcc.o(.text)
    RCC_GetFlagStatus                        0x08000db3   Thumb Code    56  stm32f10x_rcc.o(.text)
    RCC_WaitForHSEStartUp                    0x08000deb   Thumb Code    56  stm32f10x_rcc.o(.text)
    RCC_AdjustHSICalibrationValue            0x08000e23   Thumb Code    20  stm32f10x_rcc.o(.text)
    RCC_HSICmd                               0x08000e37   Thumb Code     6  stm32f10x_rcc.o(.text)
    RCC_PLLConfig                            0x08000e3d   Thumb Code    24  stm32f10x_rcc.o(.text)
    RCC_PLLCmd                               0x08000e55   Thumb Code     6  stm32f10x_rcc.o(.text)
    RCC_SYSCLKConfig                         0x08000e5b   Thumb Code    18  stm32f10x_rcc.o(.text)
    RCC_GetSYSCLKSource                      0x08000e6d   Thumb Code    10  stm32f10x_rcc.o(.text)
    RCC_HCLKConfig                           0x08000e77   Thumb Code    18  stm32f10x_rcc.o(.text)
    RCC_PCLK1Config                          0x08000e89   Thumb Code    18  stm32f10x_rcc.o(.text)
    RCC_PCLK2Config                          0x08000e9b   Thumb Code    20  stm32f10x_rcc.o(.text)
    RCC_ITConfig                             0x08000eaf   Thumb Code    26  stm32f10x_rcc.o(.text)
    RCC_USBCLKConfig                         0x08000ec9   Thumb Code     8  stm32f10x_rcc.o(.text)
    RCC_ADCCLKConfig                         0x08000ed1   Thumb Code    18  stm32f10x_rcc.o(.text)
    RCC_LSEConfig                            0x08000ee3   Thumb Code    50  stm32f10x_rcc.o(.text)
    RCC_LSICmd                               0x08000f15   Thumb Code     6  stm32f10x_rcc.o(.text)
    RCC_RTCCLKConfig                         0x08000f1b   Thumb Code    12  stm32f10x_rcc.o(.text)
    RCC_RTCCLKCmd                            0x08000f27   Thumb Code     8  stm32f10x_rcc.o(.text)
    RCC_GetClocksFreq                        0x08000f2f   Thumb Code   192  stm32f10x_rcc.o(.text)
    RCC_AHBPeriphClockCmd                    0x08000fef   Thumb Code    26  stm32f10x_rcc.o(.text)
    RCC_APB2PeriphClockCmd                   0x08001009   Thumb Code    26  stm32f10x_rcc.o(.text)
    RCC_APB1PeriphClockCmd                   0x08001023   Thumb Code    26  stm32f10x_rcc.o(.text)
    RCC_APB2PeriphResetCmd                   0x0800103d   Thumb Code    26  stm32f10x_rcc.o(.text)
    RCC_APB1PeriphResetCmd                   0x08001057   Thumb Code    26  stm32f10x_rcc.o(.text)
    RCC_BackupResetCmd                       0x08001071   Thumb Code     8  stm32f10x_rcc.o(.text)
    RCC_ClockSecuritySystemCmd               0x08001079   Thumb Code     6  stm32f10x_rcc.o(.text)
    RCC_MCOConfig                            0x0800107f   Thumb Code     6  stm32f10x_rcc.o(.text)
    RCC_ClearFlag                            0x08001085   Thumb Code    14  stm32f10x_rcc.o(.text)
    RCC_GetITStatus                          0x08001093   Thumb Code    20  stm32f10x_rcc.o(.text)
    RCC_ClearITPendingBit                    0x080010a7   Thumb Code     6  stm32f10x_rcc.o(.text)
    TIM_DeInit                               0x080010d1   Thumb Code   424  stm32f10x_tim.o(.text)
    TIM_TimeBaseInit                         0x08001279   Thumb Code   122  stm32f10x_tim.o(.text)
    TIM_OC1Init                              0x080012f3   Thumb Code   132  stm32f10x_tim.o(.text)
    TIM_OC2Init                              0x08001377   Thumb Code   154  stm32f10x_tim.o(.text)
    TIM_OC3Init                              0x08001411   Thumb Code   150  stm32f10x_tim.o(.text)
    TIM_OC4Init                              0x080014a7   Thumb Code   182  stm32f10x_tim.o(.text)
    TIM_SetIC4Prescaler                      0x0800155d   Thumb Code    26  stm32f10x_tim.o(.text)
    TIM_SetIC3Prescaler                      0x080015f9   Thumb Code    18  stm32f10x_tim.o(.text)
    TIM_SetIC2Prescaler                      0x08001685   Thumb Code    26  stm32f10x_tim.o(.text)
    TIM_SetIC1Prescaler                      0x08001721   Thumb Code    18  stm32f10x_tim.o(.text)
    TIM_ICInit                               0x0800179f   Thumb Code   150  stm32f10x_tim.o(.text)
    TIM_PWMIConfig                           0x08001835   Thumb Code   124  stm32f10x_tim.o(.text)
    TIM_BDTRConfig                           0x080018b1   Thumb Code    32  stm32f10x_tim.o(.text)
    TIM_TimeBaseStructInit                   0x080018d1   Thumb Code    18  stm32f10x_tim.o(.text)
    TIM_OCStructInit                         0x080018e3   Thumb Code    20  stm32f10x_tim.o(.text)
    TIM_ICStructInit                         0x080018f7   Thumb Code    18  stm32f10x_tim.o(.text)
    TIM_BDTRStructInit                       0x08001909   Thumb Code    40  stm32f10x_tim.o(.text)
    TIM_Cmd                                  0x08001931   Thumb Code    24  stm32f10x_tim.o(.text)
    TIM_CtrlPWMOutputs                       0x08001949   Thumb Code    30  stm32f10x_tim.o(.text)
    TIM_ITConfig                             0x08001967   Thumb Code    18  stm32f10x_tim.o(.text)
    TIM_GenerateEvent                        0x08001979   Thumb Code     4  stm32f10x_tim.o(.text)
    TIM_DMAConfig                            0x0800197d   Thumb Code    10  stm32f10x_tim.o(.text)
    TIM_DMACmd                               0x08001987   Thumb Code    18  stm32f10x_tim.o(.text)
    TIM_InternalClockConfig                  0x08001999   Thumb Code    12  stm32f10x_tim.o(.text)
    TIM_SelectInputTrigger                   0x080019a5   Thumb Code    18  stm32f10x_tim.o(.text)
    TIM_ITRxExternalClockConfig              0x080019b7   Thumb Code    24  stm32f10x_tim.o(.text)
    TIM_TIxExternalClockConfig               0x080019cf   Thumb Code    62  stm32f10x_tim.o(.text)
    TIM_ETRConfig                            0x08001a0d   Thumb Code    28  stm32f10x_tim.o(.text)
    TIM_ETRClockMode1Config                  0x08001a29   Thumb Code    54  stm32f10x_tim.o(.text)
    TIM_ETRClockMode2Config                  0x08001a5f   Thumb Code    32  stm32f10x_tim.o(.text)
    TIM_PrescalerConfig                      0x08001a7f   Thumb Code     6  stm32f10x_tim.o(.text)
    TIM_CounterModeConfig                    0x08001a85   Thumb Code    18  stm32f10x_tim.o(.text)
    TIM_EncoderInterfaceConfig               0x08001a97   Thumb Code    66  stm32f10x_tim.o(.text)
    TIM_ForcedOC1Config                      0x08001ad9   Thumb Code    18  stm32f10x_tim.o(.text)
    TIM_ForcedOC2Config                      0x08001aeb   Thumb Code    26  stm32f10x_tim.o(.text)
    TIM_ForcedOC3Config                      0x08001b05   Thumb Code    18  stm32f10x_tim.o(.text)
    TIM_ForcedOC4Config                      0x08001b17   Thumb Code    26  stm32f10x_tim.o(.text)
    TIM_ARRPreloadConfig                     0x08001b31   Thumb Code    24  stm32f10x_tim.o(.text)
    TIM_SelectCOM                            0x08001b49   Thumb Code    24  stm32f10x_tim.o(.text)
    TIM_SelectCCDMA                          0x08001b61   Thumb Code    24  stm32f10x_tim.o(.text)
    TIM_CCPreloadControl                     0x08001b79   Thumb Code    24  stm32f10x_tim.o(.text)
    TIM_OC1PreloadConfig                     0x08001b91   Thumb Code    18  stm32f10x_tim.o(.text)
    TIM_OC2PreloadConfig                     0x08001ba3   Thumb Code    26  stm32f10x_tim.o(.text)
    TIM_OC3PreloadConfig                     0x08001bbd   Thumb Code    18  stm32f10x_tim.o(.text)
    TIM_OC4PreloadConfig                     0x08001bcf   Thumb Code    26  stm32f10x_tim.o(.text)
    TIM_OC1FastConfig                        0x08001be9   Thumb Code    18  stm32f10x_tim.o(.text)
    TIM_OC2FastConfig                        0x08001bfb   Thumb Code    26  stm32f10x_tim.o(.text)
    TIM_OC3FastConfig                        0x08001c15   Thumb Code    18  stm32f10x_tim.o(.text)
    TIM_OC4FastConfig                        0x08001c27   Thumb Code    26  stm32f10x_tim.o(.text)
    TIM_ClearOC1Ref                          0x08001c41   Thumb Code    18  stm32f10x_tim.o(.text)
    TIM_ClearOC2Ref                          0x08001c53   Thumb Code    24  stm32f10x_tim.o(.text)
    TIM_ClearOC3Ref                          0x08001c6b   Thumb Code    18  stm32f10x_tim.o(.text)
    TIM_ClearOC4Ref                          0x08001c7d   Thumb Code    24  stm32f10x_tim.o(.text)
    TIM_OC1PolarityConfig                    0x08001c95   Thumb Code    18  stm32f10x_tim.o(.text)
    TIM_OC1NPolarityConfig                   0x08001ca7   Thumb Code    18  stm32f10x_tim.o(.text)
    TIM_OC2PolarityConfig                    0x08001cb9   Thumb Code    26  stm32f10x_tim.o(.text)
    TIM_OC2NPolarityConfig                   0x08001cd3   Thumb Code    26  stm32f10x_tim.o(.text)
    TIM_OC3PolarityConfig                    0x08001ced   Thumb Code    26  stm32f10x_tim.o(.text)
    TIM_OC3NPolarityConfig                   0x08001d07   Thumb Code    26  stm32f10x_tim.o(.text)
    TIM_OC4PolarityConfig                    0x08001d21   Thumb Code    26  stm32f10x_tim.o(.text)
    TIM_CCxCmd                               0x08001d3b   Thumb Code    30  stm32f10x_tim.o(.text)
    TIM_CCxNCmd                              0x08001d59   Thumb Code    30  stm32f10x_tim.o(.text)
    TIM_SelectOCxM                           0x08001d77   Thumb Code    82  stm32f10x_tim.o(.text)
    TIM_UpdateDisableConfig                  0x08001dc9   Thumb Code    24  stm32f10x_tim.o(.text)
    TIM_UpdateRequestConfig                  0x08001de1   Thumb Code    24  stm32f10x_tim.o(.text)
    TIM_SelectHallSensor                     0x08001df9   Thumb Code    24  stm32f10x_tim.o(.text)
    TIM_SelectOnePulseMode                   0x08001e11   Thumb Code    18  stm32f10x_tim.o(.text)
    TIM_SelectOutputTrigger                  0x08001e23   Thumb Code    18  stm32f10x_tim.o(.text)
    TIM_SelectSlaveMode                      0x08001e35   Thumb Code    18  stm32f10x_tim.o(.text)
    TIM_SelectMasterSlaveMode                0x08001e47   Thumb Code    18  stm32f10x_tim.o(.text)
    TIM_SetCounter                           0x08001e59   Thumb Code     4  stm32f10x_tim.o(.text)
    TIM_SetAutoreload                        0x08001e5d   Thumb Code     4  stm32f10x_tim.o(.text)
    TIM_SetCompare1                          0x08001e61   Thumb Code     4  stm32f10x_tim.o(.text)
    TIM_SetCompare2                          0x08001e65   Thumb Code     4  stm32f10x_tim.o(.text)
    TIM_SetCompare3                          0x08001e69   Thumb Code     4  stm32f10x_tim.o(.text)
    TIM_SetCompare4                          0x08001e6d   Thumb Code     6  stm32f10x_tim.o(.text)
    TIM_SetClockDivision                     0x08001e73   Thumb Code    18  stm32f10x_tim.o(.text)
    TIM_GetCapture1                          0x08001e85   Thumb Code     6  stm32f10x_tim.o(.text)
    TIM_GetCapture2                          0x08001e8b   Thumb Code     6  stm32f10x_tim.o(.text)
    TIM_GetCapture3                          0x08001e91   Thumb Code     6  stm32f10x_tim.o(.text)
    TIM_GetCapture4                          0x08001e97   Thumb Code     8  stm32f10x_tim.o(.text)
    TIM_GetCounter                           0x08001e9f   Thumb Code     6  stm32f10x_tim.o(.text)
    TIM_GetPrescaler                         0x08001ea5   Thumb Code     6  stm32f10x_tim.o(.text)
    TIM_GetFlagStatus                        0x08001eab   Thumb Code    18  stm32f10x_tim.o(.text)
    TIM_ClearFlag                            0x08001ebd   Thumb Code     6  stm32f10x_tim.o(.text)
    TIM_GetITStatus                          0x08001ec3   Thumb Code    34  stm32f10x_tim.o(.text)
    TIM_ClearITPendingBit                    0x08001ee5   Thumb Code     6  stm32f10x_tim.o(.text)
    USART_DeInit                             0x08001eed   Thumb Code   134  stm32f10x_usart.o(.text)
    USART_Init                               0x08001f73   Thumb Code   210  stm32f10x_usart.o(.text)
    USART_StructInit                         0x08002045   Thumb Code    24  stm32f10x_usart.o(.text)
    USART_ClockInit                          0x0800205d   Thumb Code    34  stm32f10x_usart.o(.text)
    USART_ClockStructInit                    0x0800207f   Thumb Code    12  stm32f10x_usart.o(.text)
    USART_Cmd                                0x0800208b   Thumb Code    24  stm32f10x_usart.o(.text)
    USART_ITConfig                           0x080020a3   Thumb Code    74  stm32f10x_usart.o(.text)
    USART_DMACmd                             0x080020ed   Thumb Code    18  stm32f10x_usart.o(.text)
    USART_SetAddress                         0x080020ff   Thumb Code    18  stm32f10x_usart.o(.text)
    USART_WakeUpConfig                       0x08002111   Thumb Code    18  stm32f10x_usart.o(.text)
    USART_ReceiverWakeUpCmd                  0x08002123   Thumb Code    24  stm32f10x_usart.o(.text)
    USART_LINBreakDetectLengthConfig         0x0800213b   Thumb Code    18  stm32f10x_usart.o(.text)
    USART_LINCmd                             0x0800214d   Thumb Code    24  stm32f10x_usart.o(.text)
    USART_SendData                           0x08002165   Thumb Code     8  stm32f10x_usart.o(.text)
    USART_ReceiveData                        0x0800216d   Thumb Code    10  stm32f10x_usart.o(.text)
    USART_SendBreak                          0x08002177   Thumb Code    10  stm32f10x_usart.o(.text)
    USART_SetGuardTime                       0x08002181   Thumb Code    16  stm32f10x_usart.o(.text)
    USART_SetPrescaler                       0x08002191   Thumb Code    16  stm32f10x_usart.o(.text)
    USART_SmartCardCmd                       0x080021a1   Thumb Code    24  stm32f10x_usart.o(.text)
    USART_SmartCardNACKCmd                   0x080021b9   Thumb Code    24  stm32f10x_usart.o(.text)
    USART_HalfDuplexCmd                      0x080021d1   Thumb Code    24  stm32f10x_usart.o(.text)
    USART_OverSampling8Cmd                   0x080021e9   Thumb Code    22  stm32f10x_usart.o(.text)
    USART_OneBitMethodCmd                    0x080021ff   Thumb Code    24  stm32f10x_usart.o(.text)
    USART_IrDAConfig                         0x08002217   Thumb Code    18  stm32f10x_usart.o(.text)
    USART_IrDACmd                            0x08002229   Thumb Code    24  stm32f10x_usart.o(.text)
    USART_GetFlagStatus                      0x08002241   Thumb Code    26  stm32f10x_usart.o(.text)
    USART_ClearFlag                          0x0800225b   Thumb Code    18  stm32f10x_usart.o(.text)
    USART_GetITStatus                        0x0800226d   Thumb Code    84  stm32f10x_usart.o(.text)
    USART_ClearITPendingBit                  0x080022c1   Thumb Code    52  stm32f10x_usart.o(.text)
    SystemInit                               0x080023d3   Thumb Code    78  system_stm32f10x.o(.text)
    SystemCoreClockUpdate                    0x08002421   Thumb Code   142  system_stm32f10x.o(.text)
    USART_printf                             0x08002537   Thumb Code   262  common.o(.text)
    esp_GPIO_Config                          0x0800263d   Thumb Code    54  esp8266.o(.text)
    esp_USART_Config                         0x08002673   Thumb Code   140  esp8266.o(.text)
    esp_NVIC_Config                          0x080026ff   Thumb Code    40  esp8266.o(.text)
    ESP8266_Init                             0x08002727   Thumb Code    32  esp8266.o(.text)
    USART2_IRQHandler                        0x08002747   Thumb Code   142  esp8266.o(.text)
    ESP8266_Rst                              0x080027d5   Thumb Code    34  esp8266.o(.text)
    ESP8266_Cmd                              0x080027f7   Thumb Code   162  esp8266.o(.text)
    ESP8266_AT_Test                          0x08002899   Thumb Code    60  esp8266.o(.text)
    ESP8266_Net_Mode_Choose                  0x080028d5   Thumb Code    68  esp8266.o(.text)
    ESP8266_JoinAP                           0x08002919   Thumb Code    38  esp8266.o(.text)
    ESP8266_BuildAP                          0x0800293f   Thumb Code    42  esp8266.o(.text)
    ESP8266_Enable_MultipleId                0x08002969   Thumb Code    42  esp8266.o(.text)
    ESP8266_Link_Server                      0x08002993   Thumb Code   110  esp8266.o(.text)
    ESP8266_StartOrShutServer                0x08002a01   Thumb Code   362  esp8266.o(.text)
    ESP8266_Get_LinkStatus                   0x08002b6b   Thumb Code    66  esp8266.o(.text)
    ESP8266_Get_IdLinkStatus                 0x08002bad   Thumb Code   128  esp8266.o(.text)
    ESP8266_Inquire_ApIp                     0x08002c2d   Thumb Code    80  esp8266.o(.text)
    ESP8266_UnvarnishSend                    0x08002c7d   Thumb Code    42  esp8266.o(.text)
    ESP8266_ExitUnvarnishSend                0x08002ca7   Thumb Code    38  esp8266.o(.text)
    ESP8266_SendString                       0x08002ccd   Thumb Code   104  esp8266.o(.text)
    ESP8266_ReceiveString                    0x08002d35   Thumb Code    98  esp8266.o(.text)
    ESP8266_CWLIF                            0x08002d97   Thumb Code    86  esp8266.o(.text)
    ESP8266_CIPAP                            0x08002ded   Thumb Code    44  esp8266.o(.text)
    I2C_Configuration                        0x08002f3d   Thumb Code   110  i2coled.o(.text)
    I2C_WriteByte                            0x08002fab   Thumb Code   126  i2coled.o(.text)
    WriteCmd                                 0x08003029   Thumb Code    14  i2coled.o(.text)
    WriteDat                                 0x08003037   Thumb Code    14  i2coled.o(.text)
    OLED_Init                                0x08003045   Thumb Code   184  i2coled.o(.text)
    OLED_SetPos                              0x080030fd   Thumb Code    40  i2coled.o(.text)
    OLED_Fill                                0x08003125   Thumb Code    58  i2coled.o(.text)
    OLED_CLS                                 0x0800315f   Thumb Code    10  i2coled.o(.text)
    OLED_ON                                  0x08003169   Thumb Code    22  i2coled.o(.text)
    OLED_OFF                                 0x0800317f   Thumb Code    22  i2coled.o(.text)
    OLED_ShowStr                             0x08003195   Thumb Code   228  i2coled.o(.text)
    OLED_ShowCN                              0x08003279   Thumb Code    80  i2coled.o(.text)
    OLED_DrawBMP                             0x080032c9   Thumb Code   116  i2coled.o(.text)
    TIM3_GPIO_Config                         0x0800335d   Thumb Code    46  pwm_out.o(.text)
    TIM3_PWM_Init                            0x0800338b   Thumb Code   124  pwm_out.o(.text)
    Gate1Open                                0x08003407   Thumb Code    12  pwm_out.o(.text)
    Gate1Close                               0x08003413   Thumb Code    12  pwm_out.o(.text)
    Gate2Open                                0x0800341f   Thumb Code    12  pwm_out.o(.text)
    Gate2Close                               0x0800342b   Thumb Code    12  pwm_out.o(.text)
    USART_Config                             0x08003441   Thumb Code   118  usart.o(.text)
    NVIC_Configuration                       0x080034b7   Thumb Code    40  usart.o(.text)
    USART1_Init                              0x080034df   Thumb Code    12  usart.o(.text)
    fputc                                    0x080034eb   Thumb Code    32  usart.o(.text)
    SysTick_init                             0x08003515   Thumb Code    84  bsp.o(.text)
    ESP8266_Config                           0x08003569   Thumb Code   110  bsp.o(.text)
    BSP_Init                                 0x080035d7   Thumb Code    36  bsp.o(.text)
    OS_TaskStatStkChk                        0x08003651   Thumb Code    54  os_core.o(.text)
    OS_TaskStat                              0x08003687   Thumb Code   114  os_core.o(.text)
    OS_TaskIdle                              0x0800372d   Thumb Code    32  os_core.o(.text)
    OS_MemClr                                0x08003783   Thumb Code    18  os_core.o(.text)
    OSInit                                   0x08003845   Thumb Code    40  os_core.o(.text)
    OSIntEnter                               0x0800386d   Thumb Code    28  os_core.o(.text)
    OSIntExit                                0x080038a3   Thumb Code   112  os_core.o(.text)
    OSSchedLock                              0x08003913   Thumb Code    50  os_core.o(.text)
    OS_Sched                                 0x08003945   Thumb Code    86  os_core.o(.text)
    OSSchedUnlock                            0x0800399b   Thumb Code    84  os_core.o(.text)
    OSStart                                  0x080039ef   Thumb Code    48  os_core.o(.text)
    OSStatInit                               0x08003a1f   Thumb Code   198  os_core.o(.text)
    OSTimeTick                               0x08003ae5   Thumb Code   200  os_core.o(.text)
    OSVersion                                0x08003bad   Thumb Code     6  os_core.o(.text)
    OS_Dummy                                 0x08003bb3   Thumb Code     2  os_core.o(.text)
    OS_MemCopy                               0x08003bb5   Thumb Code    20  os_core.o(.text)
    OS_StrCopy                               0x08003bc9   Thumb Code    28  os_core.o(.text)
    OS_StrLen                                0x08003be5   Thumb Code    20  os_core.o(.text)
    OS_TCBInit                               0x08003bf9   Thumb Code   252  os_core.o(.text)
    OSTaskChangePrio                         0x08003d19   Thumb Code   242  os_task.o(.text)
    OSTaskCreate                             0x08003e0b   Thumb Code   150  os_task.o(.text)
    OS_TaskStkClr                            0x08003ea1   Thumb Code    26  os_task.o(.text)
    OSTaskCreateExt                          0x08003ebb   Thumb Code   172  os_task.o(.text)
    OSTaskDel                                0x08003f67   Thumb Code   276  os_task.o(.text)
    OSTaskDelReq                             0x0800407b   Thumb Code   100  os_task.o(.text)
    OSTaskNameGet                            0x080040df   Thumb Code   158  os_task.o(.text)
    OSTaskNameSet                            0x0800417d   Thumb Code   132  os_task.o(.text)
    OSTaskResume                             0x08004201   Thumb Code   148  os_task.o(.text)
    OSTaskStkChk                             0x08004295   Thumb Code   132  os_task.o(.text)
    OSTaskSuspend                            0x08004319   Thumb Code   148  os_task.o(.text)
    OSTaskQuery                              0x080043ad   Thumb Code    82  os_task.o(.text)
    OSTimeDly                                0x08004419   Thumb Code    96  os_time.o(.text)
    OSTimeDlyHMSM                            0x08004479   Thumb Code   108  os_time.o(.text)
    OSTimeDlyResume                          0x080044e5   Thumb Code   158  os_time.o(.text)
    OSTimeGet                                0x08004583   Thumb Code    24  os_time.o(.text)
    OSTimeSet                                0x0800459b   Thumb Code    24  os_time.o(.text)
    OS_CPU_SR_Save                           0x080045cd   Thumb Code     0  os_cpu_a.o(.text)
    OS_CPU_SR_Restore                        0x080045d5   Thumb Code     0  os_cpu_a.o(.text)
    OSStartHighRdy                           0x080045db   Thumb Code     0  os_cpu_a.o(.text)
    OSCtxSw                                  0x080045fb   Thumb Code     0  os_cpu_a.o(.text)
    OSIntCtxSw                               0x08004605   Thumb Code     0  os_cpu_a.o(.text)
    PendSV_Handler                           0x0800460f   Thumb Code     0  os_cpu_a.o(.text)
    OSInitHookBegin                          0x08004671   Thumb Code     2  os_cpu_c.o(.text)
    OSInitHookEnd                            0x08004673   Thumb Code     2  os_cpu_c.o(.text)
    OSTaskCreateHook                         0x08004675   Thumb Code     2  os_cpu_c.o(.text)
    OSTaskDelHook                            0x08004677   Thumb Code     2  os_cpu_c.o(.text)
    OSTaskIdleHook                           0x08004679   Thumb Code     2  os_cpu_c.o(.text)
    OSTaskStatHook                           0x0800467b   Thumb Code     2  os_cpu_c.o(.text)
    OSTaskStkInit                            0x0800467d   Thumb Code   154  os_cpu_c.o(.text)
    OSTaskSwHook                             0x08004717   Thumb Code     2  os_cpu_c.o(.text)
    OSTCBInitHook                            0x08004719   Thumb Code     2  os_cpu_c.o(.text)
    OSTimeTickHook                           0x0800471b   Thumb Code     2  os_cpu_c.o(.text)
    OSDebugInit                              0x0800471d   Thumb Code    94  os_dbg.o(.text)
    __aeabi_memset                           0x08004831   Thumb Code    14  memseta.o(.text)
    __aeabi_memset4                          0x08004831   Thumb Code     0  memseta.o(.text)
    __aeabi_memset8                          0x08004831   Thumb Code     0  memseta.o(.text)
    __aeabi_memclr                           0x0800483f   Thumb Code     4  memseta.o(.text)
    __aeabi_memclr4                          0x0800483f   Thumb Code     0  memseta.o(.text)
    __aeabi_memclr8                          0x0800483f   Thumb Code     0  memseta.o(.text)
    _memset$wrapper                          0x08004843   Thumb Code    18  memseta.o(.text)
    strstr                                   0x08004855   Thumb Code    36  strstr.o(.text)
    strlen                                   0x08004879   Thumb Code    14  strlen.o(.text)
    __aeabi_uidiv                            0x08004887   Thumb Code     0  uidiv.o(.text)
    __aeabi_uidivmod                         0x08004887   Thumb Code    44  uidiv.o(.text)
    __scatterload                            0x080048b5   Thumb Code    28  init.o(.text)
    __scatterload_rt2                        0x080048b5   Thumb Code     0  init.o(.text)
    __decompress                             0x080048d9   Thumb Code     0  __dczerorl2.o(.text)
    __decompress1                            0x080048d9   Thumb Code    86  __dczerorl2.o(.text)
    __0sprintf$3                             0x08004931   Thumb Code    34  printf3.o(i.__0sprintf$3)
    __1sprintf$3                             0x08004931   Thumb Code     0  printf3.o(i.__0sprintf$3)
    __2sprintf                               0x08004931   Thumb Code     0  printf3.o(i.__0sprintf$3)
    __scatterload_copy                       0x08004959   Thumb Code    14  handlers.o(i.__scatterload_copy)
    __scatterload_null                       0x08004967   Thumb Code     2  handlers.o(i.__scatterload_null)
    __scatterload_zeroinit                   0x08004969   Thumb Code    14  handlers.o(i.__scatterload_zeroinit)
    F6x8                                     0x08004b3a   Data         552  i2coled.o(.constdata)
    F8X16                                    0x08004d62   Data        1520  i2coled.o(.constdata)
    OSUnMapTbl                               0x08005352   Data         256  os_core.o(.constdata)
    OSDebugEn                                0x08005454   Data           2  os_dbg.o(.constdata)
    OSEndiannessTest                         0x08005458   Data           4  os_dbg.o(.constdata)
    OSEventMax                               0x0800545c   Data           2  os_dbg.o(.constdata)
    OSEventNameSize                          0x0800545e   Data           2  os_dbg.o(.constdata)
    OSEventEn                                0x08005460   Data           2  os_dbg.o(.constdata)
    OSEventSize                              0x08005462   Data           2  os_dbg.o(.constdata)
    OSEventTblSize                           0x08005464   Data           2  os_dbg.o(.constdata)
    OSFlagEn                                 0x08005466   Data           2  os_dbg.o(.constdata)
    OSFlagGrpSize                            0x08005468   Data           2  os_dbg.o(.constdata)
    OSFlagNodeSize                           0x0800546a   Data           2  os_dbg.o(.constdata)
    OSFlagWidth                              0x0800546c   Data           2  os_dbg.o(.constdata)
    OSFlagMax                                0x0800546e   Data           2  os_dbg.o(.constdata)
    OSFlagNameSize                           0x08005470   Data           2  os_dbg.o(.constdata)
    OSLowestPrio                             0x08005472   Data           2  os_dbg.o(.constdata)
    OSMboxEn                                 0x08005474   Data           2  os_dbg.o(.constdata)
    OSMemEn                                  0x08005476   Data           2  os_dbg.o(.constdata)
    OSMemMax                                 0x08005478   Data           2  os_dbg.o(.constdata)
    OSMemNameSize                            0x0800547a   Data           2  os_dbg.o(.constdata)
    OSMemSize                                0x0800547c   Data           2  os_dbg.o(.constdata)
    OSMemTblSize                             0x0800547e   Data           2  os_dbg.o(.constdata)
    OSMutexEn                                0x08005480   Data           2  os_dbg.o(.constdata)
    OSPtrSize                                0x08005482   Data           2  os_dbg.o(.constdata)
    OSQEn                                    0x08005484   Data           2  os_dbg.o(.constdata)
    OSQMax                                   0x08005486   Data           2  os_dbg.o(.constdata)
    OSQSize                                  0x08005488   Data           2  os_dbg.o(.constdata)
    OSRdyTblSize                             0x0800548a   Data           2  os_dbg.o(.constdata)
    OSSemEn                                  0x0800548c   Data           2  os_dbg.o(.constdata)
    OSStkWidth                               0x0800548e   Data           2  os_dbg.o(.constdata)
    OSTaskCreateEn                           0x08005490   Data           2  os_dbg.o(.constdata)
    OSTaskCreateExtEn                        0x08005492   Data           2  os_dbg.o(.constdata)
    OSTaskDelEn                              0x08005494   Data           2  os_dbg.o(.constdata)
    OSTaskIdleStkSize                        0x08005496   Data           2  os_dbg.o(.constdata)
    OSTaskProfileEn                          0x08005498   Data           2  os_dbg.o(.constdata)
    OSTaskMax                                0x0800549a   Data           2  os_dbg.o(.constdata)
    OSTaskNameSize                           0x0800549c   Data           2  os_dbg.o(.constdata)
    OSTaskStatEn                             0x0800549e   Data           2  os_dbg.o(.constdata)
    OSTaskStatStkSize                        0x080054a0   Data           2  os_dbg.o(.constdata)
    OSTaskStatStkChkEn                       0x080054a2   Data           2  os_dbg.o(.constdata)
    OSTaskSwHookEn                           0x080054a4   Data           2  os_dbg.o(.constdata)
    OSTCBPrioTblMax                          0x080054a6   Data           2  os_dbg.o(.constdata)
    OSTCBSize                                0x080054a8   Data           2  os_dbg.o(.constdata)
    OSTicksPerSec                            0x080054aa   Data           2  os_dbg.o(.constdata)
    OSTimeTickHookEn                         0x080054ac   Data           2  os_dbg.o(.constdata)
    OSVersionNbr                             0x080054ae   Data           2  os_dbg.o(.constdata)
    OSDataSize                               0x080054b0   Data           2  os_dbg.o(.constdata)
    Region$$Table$$Base                      0x080054b4   Number         0  anon$$obj.o(Region$$Table)
    Region$$Table$$Limit                     0x080054d4   Number         0  anon$$obj.o(Region$$Table)
    BMP2                                     0x20000000   Data        1024  app.o(.data)
    BMP3                                     0x20000400   Data        1024  app.o(.data)
    p                                        0x20000800   Data           4  app.o(.data)
    pCh                                      0x20000804   Data           4  app.o(.data)
    ucId                                     0x20000808   Data           1  app.o(.data)
    carnum                                   0x2000080c   Data           4  app.o(.data)
    carin                                    0x20000810   Data           4  app.o(.data)
    carout                                   0x20000814   Data           4  app.o(.data)
    link_status                              0x20000818   Data           1  app.o(.data)
    page                                     0x20000819   Data         346  app.o(.data)
    SystemCoreClock                          0x20000988   Data           4  system_stm32f10x.o(.data)
    AHBPrescTable                            0x2000098c   Data          16  system_stm32f10x.o(.data)
    F16x16                                   0x2000099c   Data         160  i2coled.o(.data)
    BMP1                                     0x20000a3c   Data        1024  i2coled.o(.data)
    OSCtxSwCtr                               0x20000e3c   Data           4  os_core.o(.data)
    OSCPUUsage                               0x20000e40   Data           1  os_core.o(.data)
    OSIdleCtrMax                             0x20000e44   Data           4  os_core.o(.data)
    OSIdleCtrRun                             0x20000e48   Data           4  os_core.o(.data)
    OSStatRdy                                0x20000e4c   Data           1  os_core.o(.data)
    OSIntNesting                             0x20000e4d   Data           1  os_core.o(.data)
    OSLockNesting                            0x20000e4e   Data           1  os_core.o(.data)
    OSPrioCur                                0x20000e4f   Data           1  os_core.o(.data)
    OSPrioHighRdy                            0x20000e50   Data           1  os_core.o(.data)
    OSRdyGrp                                 0x20000e51   Data           1  os_core.o(.data)
    OSRdyTbl                                 0x20000e52   Data           4  os_core.o(.data)
    OSRunning                                0x20000e56   Data           1  os_core.o(.data)
    OSTaskCtr                                0x20000e57   Data           1  os_core.o(.data)
    OSIdleCtr                                0x20000e58   Data           4  os_core.o(.data)
    OSTCBCur                                 0x20000e5c   Data           4  os_core.o(.data)
    OSTCBFreeList                            0x20000e60   Data           4  os_core.o(.data)
    OSTCBHighRdy                             0x20000e64   Data           4  os_core.o(.data)
    OSTCBList                                0x20000e68   Data           4  os_core.o(.data)
    OSTickStepState                          0x20000e6c   Data           1  os_core.o(.data)
    OSTime                                   0x20000e70   Data           4  os_core.o(.data)
    cStr                                     0x20001474   Data         100  app.o(.bss)
    oledcar                                  0x200014d8   Data          50  app.o(.bss)
    oledinfo                                 0x2000150a   Data          50  app.o(.bss)
    strEsp8266_Fram_Record                   0x2000153c   Data        1026  esp8266.o(.bss)
    OSTaskStatStk                            0x20001940   Data         512  os_core.o(.bss)
    OSTaskIdleStk                            0x20001b40   Data         512  os_core.o(.bss)
    OSTCBPrioTbl                             0x20001d40   Data         128  os_core.o(.bss)
    OSTCBTbl                                 0x20001dc0   Data        1672  os_core.o(.bss)
    __initial_sp                             0x20002848   Data           0  startup_stm32f10x_hd.o(STACK)



==============================================================================

Memory Map of the image

  Image Entry point : 0x080004cd

  Load Region LR_1 (Base: 0x08000000, Size: 0x00006348, Max: 0xffffffff, ABSOLUTE, COMPRESSED[0x00005af8])

    Execution Region ER_RO (Base: 0x08000000, Size: 0x000054d4, Max: 0xffffffff, ABSOLUTE)

    Base Addr    Size         Type   Attr      Idx    E Section Name        Object

    0x08000000   0x00000130   Data   RO          193    RESET               startup_stm32f10x_hd.o
    0x08000130   0x00000000   Code   RO          727  * .ARM.Collect$$$$00000000  mc_w.l(entry.o)
    0x08000130   0x00000004   Code   RO          997    .ARM.Collect$$$$00000001  mc_w.l(entry2.o)
    0x08000134   0x00000004   Code   RO         1000    .ARM.Collect$$$$00000004  mc_w.l(entry5.o)
    0x08000138   0x00000000   Code   RO         1002    .ARM.Collect$$$$00000008  mc_w.l(entry7b.o)
    0x08000138   0x00000000   Code   RO         1004    .ARM.Collect$$$$0000000A  mc_w.l(entry8b.o)
    0x08000138   0x00000008   Code   RO         1005    .ARM.Collect$$$$0000000B  mc_w.l(entry9a.o)
    0x08000140   0x00000000   Code   RO         1007    .ARM.Collect$$$$0000000D  mc_w.l(entry10a.o)
    0x08000140   0x00000000   Code   RO         1009    .ARM.Collect$$$$0000000F  mc_w.l(entry11a.o)
    0x08000140   0x00000004   Code   RO          998    .ARM.Collect$$$$00002712  mc_w.l(entry2.o)
    0x08000144   0x00000026   Code   RO            1    .text               stm32f10x_it.o
    0x0800016a   0x00000002   PAD
    0x0800016c   0x0000003c   Code   RO          114    .text               parking.o
    0x080001a8   0x00000324   Code   RO          172    .text               app.o
    0x080004cc   0x00000024   Code   RO          194  * .text               startup_stm32f10x_hd.o
    0x080004f0   0x000000dc   Code   RO          199    .text               misc.o
    0x080005cc   0x0000035c   Code   RO          343    .text               stm32f10x_gpio.o
    0x08000928   0x00000404   Code   RO          355    .text               stm32f10x_i2c.o
    0x08000d2c   0x000003a4   Code   RO          391    .text               stm32f10x_rcc.o
    0x080010d0   0x00000e1a   Code   RO          441    .text               stm32f10x_tim.o
    0x08001eea   0x00000002   PAD
    0x08001eec   0x00000408   Code   RO          453    .text               stm32f10x_usart.o
    0x080022f4   0x000001e0   Code   RO          487    .text               system_stm32f10x.o
    0x080024d4   0x00000168   Code   RO          505    .text               common.o
    0x0800263c   0x00000900   Code   RO          520    .text               esp8266.o
    0x08002f3c   0x00000420   Code   RO          538    .text               i2coled.o
    0x0800335c   0x000000e4   Code   RO          561    .text               pwm_out.o
    0x08003440   0x000000d4   Code   RO          573    .text               usart.o
    0x08003514   0x0000013c   Code   RO          588    .text               bsp.o
    0x08003650   0x000006c8   Code   RO          604    .text               os_core.o
    0x08003d18   0x00000700   Code   RO          660    .text               os_task.o
    0x08004418   0x000001b4   Code   RO          672    .text               os_time.o
    0x080045cc   0x000000a4   Code   RO          690    .text               os_cpu_a.o
    0x08004670   0x000000ac   Code   RO          693    .text               os_cpu_c.o
    0x0800471c   0x00000114   Code   RO          712    .text               os_dbg.o
    0x08004830   0x00000024   Code   RO          730    .text               mc_w.l(memseta.o)
    0x08004854   0x00000024   Code   RO          732    .text               mc_w.l(strstr.o)
    0x08004878   0x0000000e   Code   RO          734    .text               mc_w.l(strlen.o)
    0x08004886   0x0000002c   Code   RO         1012    .text               mc_w.l(uidiv.o)
    0x080048b2   0x00000002   PAD
    0x080048b4   0x00000024   Code   RO         1027    .text               mc_w.l(init.o)
    0x080048d8   0x00000056   Code   RO         1045    .text               mc_w.l(__dczerorl2.o)
    0x0800492e   0x00000002   PAD
    0x08004930   0x00000028   Code   RO          827    i.__0sprintf$3      mc_w.l(printf3.o)
    0x08004958   0x0000000e   Code   RO         1039    i.__scatterload_copy  mc_w.l(handlers.o)
    0x08004966   0x00000002   Code   RO         1040    i.__scatterload_null  mc_w.l(handlers.o)
    0x08004968   0x0000000e   Code   RO         1041    i.__scatterload_zeroinit  mc_w.l(handlers.o)
    0x08004976   0x00000002   PAD
    0x08004978   0x000001b8   Code   RO          832    i._printf_core      mc_w.l(printf3.o)
    0x08004b30   0x0000000a   Code   RO          834    i._sputc            mc_w.l(printf3.o)
    0x08004b3a   0x00000818   Data   RO          539    .constdata          i2coled.o
    0x08005352   0x00000100   Data   RO          606    .constdata          os_core.o
    0x08005452   0x00000002   PAD
    0x08005454   0x0000005e   Data   RO          713    .constdata          os_dbg.o
    0x080054b2   0x00000002   PAD
    0x080054b4   0x00000020   Data   RO         1037    Region$$Table       anon$$obj.o


    Execution Region ER_RW (Base: 0x20000000, Size: 0x00000e74, Max: 0xffffffff, ABSOLUTE, COMPRESSED[0x00000624])

    Base Addr    Size         Type   Attr      Idx    E Section Name        Object

    0x20000000   0x00000973   Data   RW          174    .data               app.o
    0x20000973   0x00000014   Data   RW          392    .data               stm32f10x_rcc.o
    0x20000987   0x00000001   PAD
    0x20000988   0x00000014   Data   RW          488    .data               system_stm32f10x.o
    0x2000099c   0x000004a0   Data   RW          540    .data               i2coled.o
    0x20000e3c   0x00000038   Data   RW          607    .data               os_core.o


    Execution Region ER_ZI (Base: 0x20000e74, Size: 0x000019d4, Max: 0xffffffff, ABSOLUTE)

    Base Addr    Size         Type   Attr      Idx    E Section Name        Object

    0x20000e74   0x00000600   Zero   RW          115    .bss                parking.o
    0x20001474   0x000000c8   Zero   RW          173    .bss                app.o
    0x2000153c   0x00000402   Zero   RW          521    .bss                esp8266.o
    0x2000193e   0x00000002   PAD
    0x20001940   0x00000b08   Zero   RW          605    .bss                os_core.o
    0x20002448   0x00000400   Zero   RW          191    STACK               startup_stm32f10x_hd.o


==============================================================================

Image component sizes


      Code (inc. data)   RO Data    RW Data    ZI Data      Debug   Object Name

       804        248          0       2419        200       2045   app.o
       316         86          0          0          0      15966   bsp.o
       360          0          0          0          0       2183   common.o
      2304        540          0          0       1026       8548   esp8266.o
      1056         32       2072       1184          0       3993   i2coled.o
       220         22          0          0          0       1705   misc.o
      1736        172        256         56       2824      13754   os_core.o
       164         32          0          0          0        308   os_cpu_a.o
       172          0          0          0          0      10322   os_cpu_c.o
       276        182         94          0          0       2841   os_dbg.o
      1792         66          0          0          0       6761   os_task.o
       436         26          0          0          0       1874   os_time.o
        60         18          0          0       1536       2155   parking.o
       228         10          0          0          0       1231   pwm_out.o
        36          8        304          0       1024        820   startup_stm32f10x_hd.o
       860         38          0          0          0       5641   stm32f10x_gpio.o
      1028         16          0          0          0       9131   stm32f10x_i2c.o
        38          0          0          0          0     269876   stm32f10x_it.o
       932         36          0         20          0       8784   stm32f10x_rcc.o
      3610         88          0          0          0      22748   stm32f10x_tim.o
      1032         22          0          0          0       8360   stm32f10x_usart.o
       480         38          0         20          0       1719   system_stm32f10x.o
       212         10          0          0          0       1140   usart.o

    ----------------------------------------------------------------------
     18156       1690       2762       3700       6612     401905   Object Totals
         0          0         32          0          0          0   (incl. Generated)
         4          0          4          1          2          0   (incl. Padding)

    ----------------------------------------------------------------------

      Code (inc. data)   RO Data    RW Data    ZI Data      Debug   Library Member Name

        86          0          0          0          0          0   __dczerorl2.o
         0          0          0          0          0          0   entry.o
         0          0          0          0          0          0   entry10a.o
         0          0          0          0          0          0   entry11a.o
         8          4          0          0          0          0   entry2.o
         4          0          0          0          0          0   entry5.o
         0          0          0          0          0          0   entry7b.o
         0          0          0          0          0          0   entry8b.o
         8          4          0          0          0          0   entry9a.o
        30          0          0          0          0          0   handlers.o
        36          8          0          0          0         68   init.o
        36          0          0          0          0        108   memseta.o
       490         10          0          0          0        252   printf3.o
        14          0          0          0          0         68   strlen.o
        36          0          0          0          0         80   strstr.o
        44          0          0          0          0         80   uidiv.o

    ----------------------------------------------------------------------
       798         26          0          0          0        656   Library Totals
         6          0          0          0          0          0   (incl. Padding)

    ----------------------------------------------------------------------

      Code (inc. data)   RO Data    RW Data    ZI Data      Debug   Library Name

       792         26          0          0          0        656   mc_w.l

    ----------------------------------------------------------------------
       798         26          0          0          0        656   Library Totals

    ----------------------------------------------------------------------

==============================================================================


      Code (inc. data)   RO Data    RW Data    ZI Data      Debug   

     18954       1716       2762       3700       6612     400713   Grand Totals
     18954       1716       2762       1572       6612     400713   ELF Image Totals (compressed)
     18954       1716       2762       1572          0          0   ROM Totals

==============================================================================

    Total RO  Size (Code + RO Data)                21716 (  21.21kB)
    Total RW  Size (RW Data + ZI Data)             10312 (  10.07kB)
    Total ROM Size (Code + RO Data + RW Data)      23288 (  22.74kB)

==============================================================================

